12:55:16 **** Build of configuration Debug for project Prac3 ****
make -j4 all 
arm-none-eabi-gcc "C:/Users/ignor/Documents/Prac 3/2024/Prac2/Drivers/STM32F0xx_HAL_Driver/Src/stm32f0xx_hal.c" -mcpu=cortex-m0 -std=gnu11 -g3 -DDEBUG -DUSE_FULL_LL_DRIVER -DUSE_HAL_DRIVER -DSTM32F051x8 -c -I../../Core/Inc -I../../Drivers/STM32F0xx_HAL_Driver/Inc -I../../Drivers/STM32F0xx_HAL_Driver/Inc/Legacy -I../../Drivers/CMSIS/Device/ST/STM32F0xx/Include -I../../Drivers/CMSIS/Include -O0 -ffunction-sections -fdata-sections -Wall -fstack-usage -fcyclomatic-complexity -MMD -MP -MF"Drivers/STM32F0xx_HAL_Driver/stm32f0xx_hal.d" -MT"Drivers/STM32F0xx_HAL_Driver/stm32f0xx_hal.o" --specs=nano.specs -mfloat-abi=soft -mthumb -o "Drivers/STM32F0xx_HAL_Driver/stm32f0xx_hal.o"
make: *** No rule to make target 'C:/Users/ignor/Documents/Prac 3/2024/Prac2/Drivers/STM32F0xx_HAL_Driver/Src/stm32f0xx_hal_adc.c', needed by 'Drivers/STM32F0xx_HAL_Driver/stm32f0xx_hal_adc.o'.  Stop.
make: *** Waiting for unfinished jobs....
"make -j4 all" terminated with exit code 2. Build might be incomplete.
12:55:53 **** Incremental Build of configuration Debug for project Prac3 ****
make -j4 all 
make: *** No rule to make target 'C:/Users/ignor/Documents/Prac 3/2024/Prac2/Drivers/STM32F0xx_HAL_Driver/Src/stm32f0xx_hal_adc.c', needed by 'Drivers/STM32F0xx_HAL_Driver/stm32f0xx_hal_adc.o'.  Stop.
"make -j4 all" terminated with exit code 2. Build might be incomplete.
12:56:02 **** Incremental Build of configuration Debug for project Prac3 ****
make -j4 all 
make: *** No rule to make target 'C:/Users/ignor/Documents/Prac 3/2024/Prac2/Drivers/STM32F0xx_HAL_Driver/Src/stm32f0xx_hal_adc.c', needed by 'Drivers/STM32F0xx_HAL_Driver/stm32f0xx_hal_adc.o'.  Stop.
"make -j4 all" terminated with exit code 2. Build might be incomplete.
13:05:15 **** Build of configuration Default for project Praccc ****
make all 
arm-none-eabi-gcc -c -mcpu=cortex-m0 -mthumb   -DSTM32F051x8 -DUSE_FULL_LL_DRIVER -DHSE_VALUE=8000000 -DHSE_STARTUP_TIMEOUT=100 -DLSE_STARTUP_TIMEOUT=5000 -DLSE_VALUE=32768 -DHSI_VALUE=8000000 -DLSI_VALUE=40000 -DVDD_VALUE=3300 -DPREFETCH_ENABLE=1 -DINSTRUCTION_CACHE_ENABLE=0 -DDATA_CACHE_ENABLE=0 -ICore/Inc -IDrivers/STM32F0xx_HAL_Driver/Inc -IDrivers/CMSIS/Device/ST/STM32F0xx/Include -IDrivers/CMSIS/Include -Og -Wall -fdata-sections -ffunction-sections -g -gdwarf-2 -MMD -MP -MF"build/main.d" -Wa,-a,-ad,-alms=build/main.lst Core/Src/main.c -o build/main.o
In file included from Drivers/STM32F0xx_HAL_Driver/Inc/stm32f0xx_hal.h:29,
                 from Core/Inc/main.h:30,
                 from Core/Src/main.c:20:
Core/Inc/stm32f0xx_hal_conf.h:151: warning: "VDD_VALUE" redefined
  151 | #define  VDD_VALUE                    ((uint32_t)3300) /*!< Value of VDD in mv */
      | 
<command-line>: note: this is the location of the previous definition
Core/Src/main.c: In function 'main':
Core/Src/main.c:120:3: warning: implicit declaration of function 'writeLCD' [-Wimplicit-function-declaration]
  120 |   writeLCD("Sine");
      |   ^~~~~~~~
Core/Src/main.c:125:7: error: 'currentTick' undeclared (first use in this function)
  125 |       currentTick = HAL_GetTick();
      |       ^~~~~~~~~~~
Core/Src/main.c:125:7: note: each undeclared identifier is reported only once for each function it appears in
Core/Src/main.c: At top level:
Core/Src/main.c:132:3: error: expected identifier or '(' before 'while'
  132 |   while (1)
      |   ^~~~~
Core/Src/main.c: In function 'EXTI0_1_IRQHandler':
Core/Src/main.c:351:30: error: 'currentTick' undeclared (first use in this function)
  351 |         if ((HAL_GetTick() - currentTick) > 6) {
      |                              ^~~~~~~~~~~
Core/Src/main.c:355:21: error: 'count' undeclared (first use in this function)
  355 |             switch (count) {
      |                     ^~~~~
Core/Src/main.c:395:1: error: expected declaration or statement at end of input
  395 | }
      | ^
At top level:
Core/Src/main.c:386:6: warning: 'Error_Handler' defined but not used [-Wunused-function]
  386 | void Error_Handler(void)
      |      ^~~~~~~~~~~~~
make: *** [Makefile:177: build/main.o] Error 1
"make all" terminated with exit code 2. Build might be incomplete.
13:05:53 **** Incremental Build of configuration Default for project Praccc ****
make all 
arm-none-eabi-gcc -c -mcpu=cortex-m0 -mthumb   -DSTM32F051x8 -DUSE_FULL_LL_DRIVER -DHSE_VALUE=8000000 -DHSE_STARTUP_TIMEOUT=100 -DLSE_STARTUP_TIMEOUT=5000 -DLSE_VALUE=32768 -DHSI_VALUE=8000000 -DLSI_VALUE=40000 -DVDD_VALUE=3300 -DPREFETCH_ENABLE=1 -DINSTRUCTION_CACHE_ENABLE=0 -DDATA_CACHE_ENABLE=0 -ICore/Inc -IDrivers/STM32F0xx_HAL_Driver/Inc -IDrivers/CMSIS/Device/ST/STM32F0xx/Include -IDrivers/CMSIS/Include -Og -Wall -fdata-sections -ffunction-sections -g -gdwarf-2 -MMD -MP -MF"build/main.d" -Wa,-a,-ad,-alms=build/main.lst Core/Src/main.c -o build/main.o
In file included from Drivers/STM32F0xx_HAL_Driver/Inc/stm32f0xx_hal.h:29,
                 from Core/Inc/main.h:30,
                 from Core/Src/main.c:20:
Core/Inc/stm32f0xx_hal_conf.h:151: warning: "VDD_VALUE" redefined
  151 | #define  VDD_VALUE                    ((uint32_t)3300) /*!< Value of VDD in mv */
      | 
<command-line>: note: this is the location of the previous definition
Core/Src/main.c: In function 'main':
Core/Src/main.c:120:3: warning: implicit declaration of function 'writeLCD' [-Wimplicit-function-declaration]
  120 |   writeLCD("Sine");
      |   ^~~~~~~~
Core/Src/main.c:125:7: error: 'currentTick' undeclared (first use in this function)
  125 |       currentTick = HAL_GetTick();
      |       ^~~~~~~~~~~
Core/Src/main.c:125:7: note: each undeclared identifier is reported only once for each function it appears in
Core/Src/main.c: At top level:
Core/Src/main.c:132:3: error: expected identifier or '(' before 'while'
  132 |   while (1)
      |   ^~~~~
Core/Src/main.c: In function 'EXTI0_1_IRQHandler':
Core/Src/main.c:351:30: error: 'currentTick' undeclared (first use in this function)
  351 |         if ((HAL_GetTick() - currentTick) > 6) {
      |                              ^~~~~~~~~~~
Core/Src/main.c:355:21: error: 'count' undeclared (first use in this function)
  355 |             switch (count) {
      |                     ^~~~~
Core/Src/main.c:395:1: error: expected declaration or statement at end of input
  395 | }
      | ^
At top level:
Core/Src/main.c:386:6: warning: 'Error_Handler' defined but not used [-Wunused-function]
  386 | void Error_Handler(void)
      |      ^~~~~~~~~~~~~
make: *** [Makefile:177: build/main.o] Error 1
"make all" terminated with exit code 2. Build might be incomplete.
13:06:21 **** Build of configuration Default for project Hello ****
make all 
mkdir build		
arm-none-eabi-gcc -c -mcpu=cortex-m0 -mthumb   -DSTM32F051x8 -DUSE_FULL_LL_DRIVER -DHSE_VALUE=8000000 -DHSE_STARTUP_TIMEOUT=100 -DLSE_STARTUP_TIMEOUT=5000 -DLSE_VALUE=32768 -DHSI_VALUE=8000000 -DLSI_VALUE=40000 -DVDD_VALUE=3300 -DPREFETCH_ENABLE=1 -DINSTRUCTION_CACHE_ENABLE=0 -DDATA_CACHE_ENABLE=0 -ICore/Inc -IDrivers/STM32F0xx_HAL_Driver/Inc -IDrivers/CMSIS/Device/ST/STM32F0xx/Include -IDrivers/CMSIS/Include -Og -Wall -fdata-sections -ffunction-sections -g -gdwarf-2 -MMD -MP -MF"build/main.d" -Wa,-a,-ad,-alms=build/main.lst Core/Src/main.c -o build/main.o
In file included from Drivers/STM32F0xx_HAL_Driver/Inc/stm32f0xx_hal.h:29,
                 from Core/Inc/main.h:30,
                 from Core/Src/main.c:20:
Core/Inc/stm32f0xx_hal_conf.h:151: warning: "VDD_VALUE" redefined
  151 | #define  VDD_VALUE                    ((uint32_t)3300) /*!< Value of VDD in mv */
      | 
<command-line>: note: this is the location of the previous definition
Core/Src/main.c: In function 'main':
Core/Src/main.c:120:3: warning: implicit declaration of function 'writeLCD' [-Wimplicit-function-declaration]
  120 |   writeLCD("Sine");
      |   ^~~~~~~~
Core/Src/main.c:125:7: error: 'currentTick' undeclared (first use in this function)
  125 |       currentTick = HAL_GetTick();
      |       ^~~~~~~~~~~
Core/Src/main.c:125:7: note: each undeclared identifier is reported only once for each function it appears in
Core/Src/main.c: At top level:
Core/Src/main.c:132:3: error: expected identifier or '(' before 'while'
  132 |   while (1)
      |   ^~~~~
Core/Src/main.c:139:1: error: expected identifier or '(' before '}' token
  139 | }
      | ^
Core/Src/main.c: In function 'EXTI0_1_IRQHandler':
Core/Src/main.c:352:30: error: 'currentTick' undeclared (first use in this function)
  352 |         if ((HAL_GetTick() - currentTick) > 6) {
      |                              ^~~~~~~~~~~
Core/Src/main.c:356:21: error: 'count' undeclared (first use in this function)
  356 |             switch (count) {
      |                     ^~~~~
Core/Src/main.c:396:1: error: expected declaration or statement at end of input
  396 | }
      | ^
At top level:
Core/Src/main.c:387:6: warning: 'Error_Handler' defined but not used [-Wunused-function]
  387 | void Error_Handler(void)
      |      ^~~~~~~~~~~~~
make: *** [Makefile:175: build/main.o] Error 1
"make all" terminated with exit code 2. Build might be incomplete.
13:20:05 **** Incremental Build of configuration Default for project Praccc ****
make all 
arm-none-eabi-gcc -c -mcpu=cortex-m0 -mthumb   -DSTM32F051x8 -DUSE_FULL_LL_DRIVER -DHSE_VALUE=8000000 -DHSE_STARTUP_TIMEOUT=100 -DLSE_STARTUP_TIMEOUT=5000 -DLSE_VALUE=32768 -DHSI_VALUE=8000000 -DLSI_VALUE=40000 -DVDD_VALUE=3300 -DPREFETCH_ENABLE=1 -DINSTRUCTION_CACHE_ENABLE=0 -DDATA_CACHE_ENABLE=0 -ICore/Inc -IDrivers/STM32F0xx_HAL_Driver/Inc -IDrivers/CMSIS/Device/ST/STM32F0xx/Include -IDrivers/CMSIS/Include -Og -Wall -fdata-sections -ffunction-sections -g -gdwarf-2 -MMD -MP -MF"build/main.d" -Wa,-a,-ad,-alms=build/main.lst Core/Src/main.c -o build/main.o
In file included from Drivers/STM32F0xx_HAL_Driver/Inc/stm32f0xx_hal.h:29,
                 from Core/Inc/main.h:30,
                 from Core/Src/main.c:20:
Core/Inc/stm32f0xx_hal_conf.h:151: warning: "VDD_VALUE" redefined
  151 | #define  VDD_VALUE                    ((uint32_t)3300) /*!< Value of VDD in mv */
      | 
<command-line>: note: this is the location of the previous definition
Core/Src/main.c: In function 'main':
Core/Src/main.c:120:3: warning: implicit declaration of function 'writeLCD' [-Wimplicit-function-declaration]
  120 |   writeLCD("Sine");
      |   ^~~~~~~~
Core/Src/main.c:125:7: error: 'currentTick' undeclared (first use in this function)
  125 |       currentTick = HAL_GetTick();
      |       ^~~~~~~~~~~
Core/Src/main.c:125:7: note: each undeclared identifier is reported only once for each function it appears in
Core/Src/main.c: At top level:
Core/Src/main.c:132:3: error: expected identifier or '(' before 'while'
  132 |   while (1)
      |   ^~~~~
Core/Src/main.c: In function 'EXTI0_1_IRQHandler':
Core/Src/main.c:351:30: error: 'currentTick' undeclared (first use in this function)
  351 |         if ((HAL_GetTick() - currentTick) > 6) {
      |                              ^~~~~~~~~~~
Core/Src/main.c:355:21: error: 'count' undeclared (first use in this function)
  355 |             switch (count) {
      |                     ^~~~~
Core/Src/main.c:395:1: error: expected declaration or statement at end of input
  395 | }
      | ^
At top level:
Core/Src/main.c:386:6: warning: 'Error_Handler' defined but not used [-Wunused-function]
  386 | void Error_Handler(void)
      |      ^~~~~~~~~~~~~
make: *** [Makefile:177: build/main.o] Error 1
"make all" terminated with exit code 2. Build might be incomplete.
13:21:57 **** Incremental Build of configuration Default for project Praccc ****
make all 
arm-none-eabi-gcc -c -mcpu=cortex-m0 -mthumb   -DSTM32F051x8 -DUSE_FULL_LL_DRIVER -DHSE_VALUE=8000000 -DHSE_STARTUP_TIMEOUT=100 -DLSE_STARTUP_TIMEOUT=5000 -DLSE_VALUE=32768 -DHSI_VALUE=8000000 -DLSI_VALUE=40000 -DVDD_VALUE=3300 -DPREFETCH_ENABLE=1 -DINSTRUCTION_CACHE_ENABLE=0 -DDATA_CACHE_ENABLE=0 -ICore/Inc -IDrivers/STM32F0xx_HAL_Driver/Inc -IDrivers/CMSIS/Device/ST/STM32F0xx/Include -IDrivers/CMSIS/Include -Og -Wall -fdata-sections -ffunction-sections -g -gdwarf-2 -MMD -MP -MF"build/main.d" -Wa,-a,-ad,-alms=build/main.lst Core/Src/main.c -o build/main.o
In file included from Drivers/STM32F0xx_HAL_Driver/Inc/stm32f0xx_hal.h:29,
                 from Core/Inc/main.h:30,
                 from Core/Src/main.c:20:
Core/Inc/stm32f0xx_hal_conf.h:151: warning: "VDD_VALUE" redefined
  151 | #define  VDD_VALUE                    ((uint32_t)3300) /*!< Value of VDD in mv */
      | 
<command-line>: note: this is the location of the previous definition
Core/Src/main.c: In function 'main':
Core/Src/main.c:120:3: warning: implicit declaration of function 'writeLCD' [-Wimplicit-function-declaration]
  120 |   writeLCD("Sine");
      |   ^~~~~~~~
Core/Src/main.c:125:7: error: 'currentTick' undeclared (first use in this function)
  125 |       currentTick = HAL_GetTick();
      |       ^~~~~~~~~~~
Core/Src/main.c:125:7: note: each undeclared identifier is reported only once for each function it appears in
Core/Src/main.c: At top level:
Core/Src/main.c:132:3: error: expected identifier or '(' before 'while'
  132 |   while (1)
      |   ^~~~~
Core/Src/main.c: In function 'EXTI0_1_IRQHandler':
Core/Src/main.c:351:30: error: 'currentTick' undeclared (first use in this function)
  351 |         if ((HAL_GetTick() - currentTick) > 6) {
      |                              ^~~~~~~~~~~
Core/Src/main.c:355:21: error: 'count' undeclared (first use in this function)
  355 |             switch (count) {
      |                     ^~~~~
Core/Src/main.c:395:1: error: expected declaration or statement at end of input
  395 | }
      | ^
At top level:
Core/Src/main.c:386:6: warning: 'Error_Handler' defined but not used [-Wunused-function]
  386 | void Error_Handler(void)
      |      ^~~~~~~~~~~~~
make: *** [Makefile:177: build/main.o] Error 1
"make all" terminated with exit code 2. Build might be incomplete.
13:26:14 **** Incremental Build of configuration Default for project Praccc ****
make all 
arm-none-eabi-gcc -c -mcpu=cortex-m0 -mthumb   -DSTM32F051x8 -DUSE_FULL_LL_DRIVER -DHSE_VALUE=8000000 -DHSE_STARTUP_TIMEOUT=100 -DLSE_STARTUP_TIMEOUT=5000 -DLSE_VALUE=32768 -DHSI_VALUE=8000000 -DLSI_VALUE=40000 -DVDD_VALUE=3300 -DPREFETCH_ENABLE=1 -DINSTRUCTION_CACHE_ENABLE=0 -DDATA_CACHE_ENABLE=0 -ICore/Inc -IDrivers/STM32F0xx_HAL_Driver/Inc -IDrivers/CMSIS/Device/ST/STM32F0xx/Include -IDrivers/CMSIS/Include -Og -Wall -fdata-sections -ffunction-sections -g -gdwarf-2 -MMD -MP -MF"build/main.d" -Wa,-a,-ad,-alms=build/main.lst Core/Src/main.c -o build/main.o
In file included from Drivers/STM32F0xx_HAL_Driver/Inc/stm32f0xx_hal.h:29,
                 from Core/Inc/main.h:30,
                 from Core/Src/main.c:20:
Core/Inc/stm32f0xx_hal_conf.h:151: warning: "VDD_VALUE" redefined
  151 | #define  VDD_VALUE                    ((uint32_t)3300) /*!< Value of VDD in mv */
      | 
<command-line>: note: this is the location of the previous definition
Core/Src/main.c: In function 'main':
Core/Src/main.c:120:3: warning: implicit declaration of function 'writeLCD' [-Wimplicit-function-declaration]
  120 |   writeLCD("Sine");
      |   ^~~~~~~~
Core/Src/main.c:125:7: error: 'currentTick' undeclared (first use in this function)
  125 |       currentTick = HAL_GetTick();
      |       ^~~~~~~~~~~
Core/Src/main.c:125:7: note: each undeclared identifier is reported only once for each function it appears in
Core/Src/main.c: At top level:
Core/Src/main.c:132:3: error: expected identifier or '(' before 'while'
  132 |   while (1)
      |   ^~~~~
Core/Src/main.c: In function 'EXTI0_1_IRQHandler':
Core/Src/main.c:351:30: error: 'currentTick' undeclared (first use in this function)
  351 |         if ((HAL_GetTick() - currentTick) > 6) {
      |                              ^~~~~~~~~~~
Core/Src/main.c:355:21: error: 'count' undeclared (first use in this function)
  355 |             switch (count) {
      |                     ^~~~~
Core/Src/main.c:395:1: error: expected declaration or statement at end of input
  395 | }
      | ^
At top level:
Core/Src/main.c:386:6: warning: 'Error_Handler' defined but not used [-Wunused-function]
  386 | void Error_Handler(void)
      |      ^~~~~~~~~~~~~
make: *** [Makefile:177: build/main.o] Error 1
"make all" terminated with exit code 2. Build might be incomplete.
15:20:08 **** Incremental Build of configuration Default for project Praccc ****
make all 
arm-none-eabi-gcc -c -mcpu=cortex-m0 -mthumb   -DSTM32F051x8 -DUSE_FULL_LL_DRIVER -DHSE_VALUE=8000000 -DHSE_STARTUP_TIMEOUT=100 -DLSE_STARTUP_TIMEOUT=5000 -DLSE_VALUE=32768 -DHSI_VALUE=8000000 -DLSI_VALUE=40000 -DVDD_VALUE=3300 -DPREFETCH_ENABLE=1 -DINSTRUCTION_CACHE_ENABLE=0 -DDATA_CACHE_ENABLE=0 -ICore/Inc -IDrivers/STM32F0xx_HAL_Driver/Inc -IDrivers/CMSIS/Device/ST/STM32F0xx/Include -IDrivers/CMSIS/Include -Og -Wall -fdata-sections -ffunction-sections -g -gdwarf-2 -MMD -MP -MF"build/main.d" -Wa,-a,-ad,-alms=build/main.lst Core/Src/main.c -o build/main.o
In file included from Drivers/STM32F0xx_HAL_Driver/Inc/stm32f0xx_hal.h:29,
                 from Core/Inc/main.h:30,
                 from Core/Src/main.c:20:
Core/Inc/stm32f0xx_hal_conf.h:151: warning: "VDD_VALUE" redefined
  151 | #define  VDD_VALUE                    ((uint32_t)3300) /*!< Value of VDD in mv */
      | 
<command-line>: note: this is the location of the previous definition
Core/Src/main.c: In function 'main':
Core/Src/main.c:120:3: warning: implicit declaration of function 'writeLCD' [-Wimplicit-function-declaration]
  120 |   writeLCD("Sine");
      |   ^~~~~~~~
Core/Src/main.c:125:7: error: 'currentTick' undeclared (first use in this function)
  125 |       currentTick = HAL_GetTick();
      |       ^~~~~~~~~~~
Core/Src/main.c:125:7: note: each undeclared identifier is reported only once for each function it appears in
Core/Src/main.c: At top level:
Core/Src/main.c:132:3: error: expected identifier or '(' before 'while'
  132 |   while (1)
      |   ^~~~~
Core/Src/main.c: In function 'EXTI0_1_IRQHandler':
Core/Src/main.c:351:30: error: 'currentTick' undeclared (first use in this function)
  351 |         if ((HAL_GetTick() - currentTick) > 6) {
      |                              ^~~~~~~~~~~
Core/Src/main.c:355:21: error: 'count' undeclared (first use in this function)
  355 |             switch (count) {
      |                     ^~~~~
Core/Src/main.c:395:1: error: expected declaration or statement at end of input
  395 | }
      | ^
At top level:
Core/Src/main.c:386:6: warning: 'Error_Handler' defined but not used [-Wunused-function]
  386 | void Error_Handler(void)
      |      ^~~~~~~~~~~~~
make: *** [Makefile:177: build/main.o] Error 1
"make all" terminated with exit code 2. Build might be incomplete.
15:20:16 **** Incremental Build of configuration Default for project Praccc ****
make all 
arm-none-eabi-gcc -c -mcpu=cortex-m0 -mthumb   -DSTM32F051x8 -DUSE_FULL_LL_DRIVER -DHSE_VALUE=8000000 -DHSE_STARTUP_TIMEOUT=100 -DLSE_STARTUP_TIMEOUT=5000 -DLSE_VALUE=32768 -DHSI_VALUE=8000000 -DLSI_VALUE=40000 -DVDD_VALUE=3300 -DPREFETCH_ENABLE=1 -DINSTRUCTION_CACHE_ENABLE=0 -DDATA_CACHE_ENABLE=0 -ICore/Inc -IDrivers/STM32F0xx_HAL_Driver/Inc -IDrivers/CMSIS/Device/ST/STM32F0xx/Include -IDrivers/CMSIS/Include -Og -Wall -fdata-sections -ffunction-sections -g -gdwarf-2 -MMD -MP -MF"build/main.d" -Wa,-a,-ad,-alms=build/main.lst Core/Src/main.c -o build/main.o
In file included from Drivers/STM32F0xx_HAL_Driver/Inc/stm32f0xx_hal.h:29,
                 from Core/Inc/main.h:30,
                 from Core/Src/main.c:20:
Core/Inc/stm32f0xx_hal_conf.h:151: warning: "VDD_VALUE" redefined
  151 | #define  VDD_VALUE                    ((uint32_t)3300) /*!< Value of VDD in mv */
      | 
<command-line>: note: this is the location of the previous definition
Core/Src/main.c: In function 'main':
Core/Src/main.c:120:3: warning: implicit declaration of function 'writeLCD' [-Wimplicit-function-declaration]
  120 |   writeLCD("Sine");
      |   ^~~~~~~~
Core/Src/main.c:125:7: error: 'currentTick' undeclared (first use in this function)
  125 |       currentTick = HAL_GetTick();
      |       ^~~~~~~~~~~
Core/Src/main.c:125:7: note: each undeclared identifier is reported only once for each function it appears in
Core/Src/main.c: At top level:
Core/Src/main.c:132:3: error: expected identifier or '(' before 'while'
  132 |   while (1)
      |   ^~~~~
Core/Src/main.c: In function 'EXTI0_1_IRQHandler':
Core/Src/main.c:351:30: error: 'currentTick' undeclared (first use in this function)
  351 |         if ((HAL_GetTick() - currentTick) > 6) {
      |                              ^~~~~~~~~~~
Core/Src/main.c:355:21: error: 'count' undeclared (first use in this function)
  355 |             switch (count) {
      |                     ^~~~~
Core/Src/main.c:395:1: error: expected declaration or statement at end of input
  395 | }
      | ^
At top level:
Core/Src/main.c:386:6: warning: 'Error_Handler' defined but not used [-Wunused-function]
  386 | void Error_Handler(void)
      |      ^~~~~~~~~~~~~
make: *** [Makefile:177: build/main.o] Error 1
"make all" terminated with exit code 2. Build might be incomplete.
15:21:20 **** Incremental Build of configuration Default for project Praccc ****
make all 
arm-none-eabi-gcc -c -mcpu=cortex-m0 -mthumb   -DSTM32F051x8 -DUSE_FULL_LL_DRIVER -DHSE_VALUE=8000000 -DHSE_STARTUP_TIMEOUT=100 -DLSE_STARTUP_TIMEOUT=5000 -DLSE_VALUE=32768 -DHSI_VALUE=8000000 -DLSI_VALUE=40000 -DVDD_VALUE=3300 -DPREFETCH_ENABLE=1 -DINSTRUCTION_CACHE_ENABLE=0 -DDATA_CACHE_ENABLE=0 -ICore/Inc -IDrivers/STM32F0xx_HAL_Driver/Inc -IDrivers/CMSIS/Device/ST/STM32F0xx/Include -IDrivers/CMSIS/Include -Og -Wall -fdata-sections -ffunction-sections -g -gdwarf-2 -MMD -MP -MF"build/main.d" -Wa,-a,-ad,-alms=build/main.lst Core/Src/main.c -o build/main.o
In file included from Drivers/STM32F0xx_HAL_Driver/Inc/stm32f0xx_hal.h:29,
                 from Core/Inc/main.h:30,
                 from Core/Src/main.c:20:
Core/Inc/stm32f0xx_hal_conf.h:151: warning: "VDD_VALUE" redefined
  151 | #define  VDD_VALUE                    ((uint32_t)3300) /*!< Value of VDD in mv */
      | 
<command-line>: note: this is the location of the previous definition
Core/Src/main.c: In function 'main':
Core/Src/main.c:120:3: warning: implicit declaration of function 'writeLCD' [-Wimplicit-function-declaration]
  120 |   writeLCD("Sine");
      |   ^~~~~~~~
Core/Src/main.c:125:7: error: 'currentTick' undeclared (first use in this function)
  125 |       currentTick = HAL_GetTick();
      |       ^~~~~~~~~~~
Core/Src/main.c:125:7: note: each undeclared identifier is reported only once for each function it appears in
Core/Src/main.c: At top level:
Core/Src/main.c:132:3: error: expected identifier or '(' before 'while'
  132 |   while (1)
      |   ^~~~~
Core/Src/main.c: In function 'EXTI0_1_IRQHandler':
Core/Src/main.c:351:30: error: 'currentTick' undeclared (first use in this function)
  351 |         if ((HAL_GetTick() - currentTick) > 6) {
      |                              ^~~~~~~~~~~
Core/Src/main.c:355:21: error: 'count' undeclared (first use in this function)
  355 |             switch (count) {
      |                     ^~~~~
Core/Src/main.c:395:1: error: expected declaration or statement at end of input
  395 | }
      | ^
At top level:
Core/Src/main.c:386:6: warning: 'Error_Handler' defined but not used [-Wunused-function]
  386 | void Error_Handler(void)
      |      ^~~~~~~~~~~~~
make: *** [Makefile:177: build/main.o] Error 1
"make all" terminated with exit code 2. Build might be incomplete.
15:21:45 **** Incremental Build of configuration Default for project Praccc ****
make all 
arm-none-eabi-gcc -c -mcpu=cortex-m0 -mthumb   -DSTM32F051x8 -DUSE_FULL_LL_DRIVER -DHSE_VALUE=8000000 -DHSE_STARTUP_TIMEOUT=100 -DLSE_STARTUP_TIMEOUT=5000 -DLSE_VALUE=32768 -DHSI_VALUE=8000000 -DLSI_VALUE=40000 -DVDD_VALUE=3300 -DPREFETCH_ENABLE=1 -DINSTRUCTION_CACHE_ENABLE=0 -DDATA_CACHE_ENABLE=0 -ICore/Inc -IDrivers/STM32F0xx_HAL_Driver/Inc -IDrivers/CMSIS/Device/ST/STM32F0xx/Include -IDrivers/CMSIS/Include -Og -Wall -fdata-sections -ffunction-sections -g -gdwarf-2 -MMD -MP -MF"build/main.d" -Wa,-a,-ad,-alms=build/main.lst Core/Src/main.c -o build/main.o
In file included from Drivers/STM32F0xx_HAL_Driver/Inc/stm32f0xx_hal.h:29,
                 from Core/Inc/main.h:30,
                 from Core/Src/main.c:20:
Core/Inc/stm32f0xx_hal_conf.h:151: warning: "VDD_VALUE" redefined
  151 | #define  VDD_VALUE                    ((uint32_t)3300) /*!< Value of VDD in mv */
      | 
<command-line>: note: this is the location of the previous definition
Core/Src/main.c: In function 'main':
Core/Src/main.c:120:3: warning: implicit declaration of function 'writeLCD' [-Wimplicit-function-declaration]
  120 |   writeLCD("Sine");
      |   ^~~~~~~~
Core/Src/main.c:125:7: error: 'currentTick' undeclared (first use in this function)
  125 |       currentTick = HAL_GetTick();
      |       ^~~~~~~~~~~
Core/Src/main.c:125:7: note: each undeclared identifier is reported only once for each function it appears in
Core/Src/main.c: At top level:
Core/Src/main.c:132:3: error: expected identifier or '(' before 'while'
  132 |   while (1)
      |   ^~~~~
Core/Src/main.c: In function 'EXTI0_1_IRQHandler':
Core/Src/main.c:351:30: error: 'currentTick' undeclared (first use in this function)
  351 |         if ((HAL_GetTick() - currentTick) > 6) {
      |                              ^~~~~~~~~~~
Core/Src/main.c:355:21: error: 'count' undeclared (first use in this function)
  355 |             switch (count) {
      |                     ^~~~~
Core/Src/main.c:395:1: error: expected declaration or statement at end of input
  395 | }
      | ^
At top level:
Core/Src/main.c:386:6: warning: 'Error_Handler' defined but not used [-Wunused-function]
  386 | void Error_Handler(void)
      |      ^~~~~~~~~~~~~
make: *** [Makefile:177: build/main.o] Error 1
"make all" terminated with exit code 2. Build might be incomplete.
15:22:03 **** Incremental Build of configuration Default for project Praccc ****
make all 
arm-none-eabi-gcc -c -mcpu=cortex-m0 -mthumb   -DSTM32F051x8 -DUSE_FULL_LL_DRIVER -DHSE_VALUE=8000000 -DHSE_STARTUP_TIMEOUT=100 -DLSE_STARTUP_TIMEOUT=5000 -DLSE_VALUE=32768 -DHSI_VALUE=8000000 -DLSI_VALUE=40000 -DVDD_VALUE=3300 -DPREFETCH_ENABLE=1 -DINSTRUCTION_CACHE_ENABLE=0 -DDATA_CACHE_ENABLE=0 -ICore/Inc -IDrivers/STM32F0xx_HAL_Driver/Inc -IDrivers/CMSIS/Device/ST/STM32F0xx/Include -IDrivers/CMSIS/Include -Og -Wall -fdata-sections -ffunction-sections -g -gdwarf-2 -MMD -MP -MF"build/main.d" -Wa,-a,-ad,-alms=build/main.lst Core/Src/main.c -o build/main.o
In file included from Drivers/STM32F0xx_HAL_Driver/Inc/stm32f0xx_hal.h:29,
                 from Core/Inc/main.h:30,
                 from Core/Src/main.c:20:
Core/Inc/stm32f0xx_hal_conf.h:151: warning: "VDD_VALUE" redefined
  151 | #define  VDD_VALUE                    ((uint32_t)3300) /*!< Value of VDD in mv */
      | 
<command-line>: note: this is the location of the previous definition
Core/Src/main.c: In function 'write_to_address':
Core/Src/main.c:545:17: warning: variable 'dummy' set but not used [-Wunused-but-set-variable]
  545 |         uint8_t dummy; // Junk from the DR
      |                 ^~~~~
At top level:
Core/Src/main.c:580:16: warning: 'read_from_address' defined but not used [-Wunused-function]
  580 | static uint8_t read_from_address(uint16_t address) {
      |                ^~~~~~~~~~~~~~~~~
Core/Src/main.c:543:13: warning: 'write_to_address' defined but not used [-Wunused-function]
  543 | static void write_to_address(uint16_t address, uint8_t data) {
      |             ^~~~~~~~~~~~~~~~
arm-none-eabi-gcc -c -mcpu=cortex-m0 -mthumb   -DSTM32F051x8 -DUSE_FULL_LL_DRIVER -DHSE_VALUE=8000000 -DHSE_STARTUP_TIMEOUT=100 -DLSE_STARTUP_TIMEOUT=5000 -DLSE_VALUE=32768 -DHSI_VALUE=8000000 -DLSI_VALUE=40000 -DVDD_VALUE=3300 -DPREFETCH_ENABLE=1 -DINSTRUCTION_CACHE_ENABLE=0 -DDATA_CACHE_ENABLE=0 -ICore/Inc -IDrivers/STM32F0xx_HAL_Driver/Inc -IDrivers/CMSIS/Device/ST/STM32F0xx/Include -IDrivers/CMSIS/Include -Og -Wall -fdata-sections -ffunction-sections -g -gdwarf-2 -MMD -MP -MF"build/stm32f0xx_it.d" -Wa,-a,-ad,-alms=build/stm32f0xx_it.lst Core/Src/stm32f0xx_it.c -o build/stm32f0xx_it.o
In file included from Drivers/STM32F0xx_HAL_Driver/Inc/stm32f0xx_hal.h:29,
                 from Core/Inc/main.h:30,
                 from Core/Src/stm32f0xx_it.c:21:
Core/Inc/stm32f0xx_hal_conf.h:151: warning: "VDD_VALUE" redefined
  151 | #define  VDD_VALUE                    ((uint32_t)3300) /*!< Value of VDD in mv */
      | 
<command-line>: note: this is the location of the previous definition
arm-none-eabi-gcc -c -mcpu=cortex-m0 -mthumb   -DSTM32F051x8 -DUSE_FULL_LL_DRIVER -DHSE_VALUE=8000000 -DHSE_STARTUP_TIMEOUT=100 -DLSE_STARTUP_TIMEOUT=5000 -DLSE_VALUE=32768 -DHSI_VALUE=8000000 -DLSI_VALUE=40000 -DVDD_VALUE=3300 -DPREFETCH_ENABLE=1 -DINSTRUCTION_CACHE_ENABLE=0 -DDATA_CACHE_ENABLE=0 -ICore/Inc -IDrivers/STM32F0xx_HAL_Driver/Inc -IDrivers/CMSIS/Device/ST/STM32F0xx/Include -IDrivers/CMSIS/Include -Og -Wall -fdata-sections -ffunction-sections -g -gdwarf-2 -MMD -MP -MF"build/system_stm32f0xx.d" -Wa,-a,-ad,-alms=build/system_stm32f0xx.lst Core/Src/system_stm32f0xx.c -o build/system_stm32f0xx.o
arm-none-eabi-gcc -c -mcpu=cortex-m0 -mthumb   -DSTM32F051x8 -DUSE_FULL_LL_DRIVER -DHSE_VALUE=8000000 -DHSE_STARTUP_TIMEOUT=100 -DLSE_STARTUP_TIMEOUT=5000 -DLSE_VALUE=32768 -DHSI_VALUE=8000000 -DLSI_VALUE=40000 -DVDD_VALUE=3300 -DPREFETCH_ENABLE=1 -DINSTRUCTION_CACHE_ENABLE=0 -DDATA_CACHE_ENABLE=0 -ICore/Inc -IDrivers/STM32F0xx_HAL_Driver/Inc -IDrivers/CMSIS/Device/ST/STM32F0xx/Include -IDrivers/CMSIS/Include -Og -Wall -fdata-sections -ffunction-sections -g -gdwarf-2 -MMD -MP -MF"build/stm32f0xx_ll_gpio.d" -Wa,-a,-ad,-alms=build/stm32f0xx_ll_gpio.lst Drivers/STM32F0xx_HAL_Driver/Src/stm32f0xx_ll_gpio.c -o build/stm32f0xx_ll_gpio.o
arm-none-eabi-gcc -c -mcpu=cortex-m0 -mthumb   -DSTM32F051x8 -DUSE_FULL_LL_DRIVER -DHSE_VALUE=8000000 -DHSE_STARTUP_TIMEOUT=100 -DLSE_STARTUP_TIMEOUT=5000 -DLSE_VALUE=32768 -DHSI_VALUE=8000000 -DLSI_VALUE=40000 -DVDD_VALUE=3300 -DPREFETCH_ENABLE=1 -DINSTRUCTION_CACHE_ENABLE=0 -DDATA_CACHE_ENABLE=0 -ICore/Inc -IDrivers/STM32F0xx_HAL_Driver/Inc -IDrivers/CMSIS/Device/ST/STM32F0xx/Include -IDrivers/CMSIS/Include -Og -Wall -fdata-sections -ffunction-sections -g -gdwarf-2 -MMD -MP -MF"build/stm32f0xx_hal.d" -Wa,-a,-ad,-alms=build/stm32f0xx_hal.lst Drivers/STM32F0xx_HAL_Driver/Src/stm32f0xx_hal.c -o build/stm32f0xx_hal.o
In file included from Drivers/STM32F0xx_HAL_Driver/Inc/stm32f0xx_hal.h:29,
                 from Drivers/STM32F0xx_HAL_Driver/Src/stm32f0xx_hal.c:36:
Core/Inc/stm32f0xx_hal_conf.h:151: warning: "VDD_VALUE" redefined
  151 | #define  VDD_VALUE                    ((uint32_t)3300) /*!< Value of VDD in mv */
      | 
<command-line>: note: this is the location of the previous definition
arm-none-eabi-gcc -c -mcpu=cortex-m0 -mthumb   -DSTM32F051x8 -DUSE_FULL_LL_DRIVER -DHSE_VALUE=8000000 -DHSE_STARTUP_TIMEOUT=100 -DLSE_STARTUP_TIMEOUT=5000 -DLSE_VALUE=32768 -DHSI_VALUE=8000000 -DLSI_VALUE=40000 -DVDD_VALUE=3300 -DPREFETCH_ENABLE=1 -DINSTRUCTION_CACHE_ENABLE=0 -DDATA_CACHE_ENABLE=0 -ICore/Inc -IDrivers/STM32F0xx_HAL_Driver/Inc -IDrivers/CMSIS/Device/ST/STM32F0xx/Include -IDrivers/CMSIS/Include -Og -Wall -fdata-sections -ffunction-sections -g -gdwarf-2 -MMD -MP -MF"build/stm32f0xx_hal_pwr.d" -Wa,-a,-ad,-alms=build/stm32f0xx_hal_pwr.lst Drivers/STM32F0xx_HAL_Driver/Src/stm32f0xx_hal_pwr.c -o build/stm32f0xx_hal_pwr.o
In file included from Drivers/STM32F0xx_HAL_Driver/Inc/stm32f0xx_hal.h:29,
                 from Drivers/STM32F0xx_HAL_Driver/Src/stm32f0xx_hal_pwr.c:25:
Core/Inc/stm32f0xx_hal_conf.h:151: warning: "VDD_VALUE" redefined
  151 | #define  VDD_VALUE                    ((uint32_t)3300) /*!< Value of VDD in mv */
      | 
<command-line>: note: this is the location of the previous definition
arm-none-eabi-gcc -c -mcpu=cortex-m0 -mthumb   -DSTM32F051x8 -DUSE_FULL_LL_DRIVER -DHSE_VALUE=8000000 -DHSE_STARTUP_TIMEOUT=100 -DLSE_STARTUP_TIMEOUT=5000 -DLSE_VALUE=32768 -DHSI_VALUE=8000000 -DLSI_VALUE=40000 -DVDD_VALUE=3300 -DPREFETCH_ENABLE=1 -DINSTRUCTION_CACHE_ENABLE=0 -DDATA_CACHE_ENABLE=0 -ICore/Inc -IDrivers/STM32F0xx_HAL_Driver/Inc -IDrivers/CMSIS/Device/ST/STM32F0xx/Include -IDrivers/CMSIS/Include -Og -Wall -fdata-sections -ffunction-sections -g -gdwarf-2 -MMD -MP -MF"build/stm32f0xx_hal_pwr_ex.d" -Wa,-a,-ad,-alms=build/stm32f0xx_hal_pwr_ex.lst Drivers/STM32F0xx_HAL_Driver/Src/stm32f0xx_hal_pwr_ex.c -o build/stm32f0xx_hal_pwr_ex.o
In file included from Drivers/STM32F0xx_HAL_Driver/Inc/stm32f0xx_hal.h:29,
                 from Drivers/STM32F0xx_HAL_Driver/Src/stm32f0xx_hal_pwr_ex.c:25:
Core/Inc/stm32f0xx_hal_conf.h:151: warning: "VDD_VALUE" redefined
  151 | #define  VDD_VALUE                    ((uint32_t)3300) /*!< Value of VDD in mv */
      | 
<command-line>: note: this is the location of the previous definition
arm-none-eabi-gcc -c -mcpu=cortex-m0 -mthumb   -DSTM32F051x8 -DUSE_FULL_LL_DRIVER -DHSE_VALUE=8000000 -DHSE_STARTUP_TIMEOUT=100 -DLSE_STARTUP_TIMEOUT=5000 -DLSE_VALUE=32768 -DHSI_VALUE=8000000 -DLSI_VALUE=40000 -DVDD_VALUE=3300 -DPREFETCH_ENABLE=1 -DINSTRUCTION_CACHE_ENABLE=0 -DDATA_CACHE_ENABLE=0 -ICore/Inc -IDrivers/STM32F0xx_HAL_Driver/Inc -IDrivers/CMSIS/Device/ST/STM32F0xx/Include -IDrivers/CMSIS/Include -Og -Wall -fdata-sections -ffunction-sections -g -gdwarf-2 -MMD -MP -MF"build/stm32f0xx_ll_exti.d" -Wa,-a,-ad,-alms=build/stm32f0xx_ll_exti.lst Drivers/STM32F0xx_HAL_Driver/Src/stm32f0xx_ll_exti.c -o build/stm32f0xx_ll_exti.o
arm-none-eabi-gcc -c -mcpu=cortex-m0 -mthumb   -DSTM32F051x8 -DUSE_FULL_LL_DRIVER -DHSE_VALUE=8000000 -DHSE_STARTUP_TIMEOUT=100 -DLSE_STARTUP_TIMEOUT=5000 -DLSE_VALUE=32768 -DHSI_VALUE=8000000 -DLSI_VALUE=40000 -DVDD_VALUE=3300 -DPREFETCH_ENABLE=1 -DINSTRUCTION_CACHE_ENABLE=0 -DDATA_CACHE_ENABLE=0 -ICore/Inc -IDrivers/STM32F0xx_HAL_Driver/Inc -IDrivers/CMSIS/Device/ST/STM32F0xx/Include -IDrivers/CMSIS/Include -Og -Wall -fdata-sections -ffunction-sections -g -gdwarf-2 -MMD -MP -MF"build/stm32f0xx_ll_rcc.d" -Wa,-a,-ad,-alms=build/stm32f0xx_ll_rcc.lst Drivers/STM32F0xx_HAL_Driver/Src/stm32f0xx_ll_rcc.c -o build/stm32f0xx_ll_rcc.o
arm-none-eabi-gcc -c -mcpu=cortex-m0 -mthumb   -DSTM32F051x8 -DUSE_FULL_LL_DRIVER -DHSE_VALUE=8000000 -DHSE_STARTUP_TIMEOUT=100 -DLSE_STARTUP_TIMEOUT=5000 -DLSE_VALUE=32768 -DHSI_VALUE=8000000 -DLSI_VALUE=40000 -DVDD_VALUE=3300 -DPREFETCH_ENABLE=1 -DINSTRUCTION_CACHE_ENABLE=0 -DDATA_CACHE_ENABLE=0 -ICore/Inc -IDrivers/STM32F0xx_HAL_Driver/Inc -IDrivers/CMSIS/Device/ST/STM32F0xx/Include -IDrivers/CMSIS/Include -Og -Wall -fdata-sections -ffunction-sections -g -gdwarf-2 -MMD -MP -MF"build/stm32f0xx_hal_adc.d" -Wa,-a,-ad,-alms=build/stm32f0xx_hal_adc.lst Drivers/STM32F0xx_HAL_Driver/Src/stm32f0xx_hal_adc.c -o build/stm32f0xx_hal_adc.o
In file included from Drivers/STM32F0xx_HAL_Driver/Inc/stm32f0xx_hal.h:29,
                 from Drivers/STM32F0xx_HAL_Driver/Src/stm32f0xx_hal_adc.c:294:
Core/Inc/stm32f0xx_hal_conf.h:151: warning: "VDD_VALUE" redefined
  151 | #define  VDD_VALUE                    ((uint32_t)3300) /*!< Value of VDD in mv */
      | 
<command-line>: note: this is the location of the previous definition
arm-none-eabi-gcc -c -mcpu=cortex-m0 -mthumb   -DSTM32F051x8 -DUSE_FULL_LL_DRIVER -DHSE_VALUE=8000000 -DHSE_STARTUP_TIMEOUT=100 -DLSE_STARTUP_TIMEOUT=5000 -DLSE_VALUE=32768 -DHSI_VALUE=8000000 -DLSI_VALUE=40000 -DVDD_VALUE=3300 -DPREFETCH_ENABLE=1 -DINSTRUCTION_CACHE_ENABLE=0 -DDATA_CACHE_ENABLE=0 -ICore/Inc -IDrivers/STM32F0xx_HAL_Driver/Inc -IDrivers/CMSIS/Device/ST/STM32F0xx/Include -IDrivers/CMSIS/Include -Og -Wall -fdata-sections -ffunction-sections -g -gdwarf-2 -MMD -MP -MF"build/stm32f0xx_hal_cortex.d" -Wa,-a,-ad,-alms=build/stm32f0xx_hal_cortex.lst Drivers/STM32F0xx_HAL_Driver/Src/stm32f0xx_hal_cortex.c -o build/stm32f0xx_hal_cortex.o
In file included from Drivers/STM32F0xx_HAL_Driver/Inc/stm32f0xx_hal.h:29,
                 from Drivers/STM32F0xx_HAL_Driver/Src/stm32f0xx_hal_cortex.c:82:
Core/Inc/stm32f0xx_hal_conf.h:151: warning: "VDD_VALUE" redefined
  151 | #define  VDD_VALUE                    ((uint32_t)3300) /*!< Value of VDD in mv */
      | 
<command-line>: note: this is the location of the previous definition
arm-none-eabi-gcc -c -mcpu=cortex-m0 -mthumb   -DSTM32F051x8 -DUSE_FULL_LL_DRIVER -DHSE_VALUE=8000000 -DHSE_STARTUP_TIMEOUT=100 -DLSE_STARTUP_TIMEOUT=5000 -DLSE_VALUE=32768 -DHSI_VALUE=8000000 -DLSI_VALUE=40000 -DVDD_VALUE=3300 -DPREFETCH_ENABLE=1 -DINSTRUCTION_CACHE_ENABLE=0 -DDATA_CACHE_ENABLE=0 -ICore/Inc -IDrivers/STM32F0xx_HAL_Driver/Inc -IDrivers/CMSIS/Device/ST/STM32F0xx/Include -IDrivers/CMSIS/Include -Og -Wall -fdata-sections -ffunction-sections -g -gdwarf-2 -MMD -MP -MF"build/stm32f0xx_hal_adc_ex.d" -Wa,-a,-ad,-alms=build/stm32f0xx_hal_adc_ex.lst Drivers/STM32F0xx_HAL_Driver/Src/stm32f0xx_hal_adc_ex.c -o build/stm32f0xx_hal_adc_ex.o
In file included from Drivers/STM32F0xx_HAL_Driver/Inc/stm32f0xx_hal.h:29,
                 from Drivers/STM32F0xx_HAL_Driver/Src/stm32f0xx_hal_adc_ex.c:32:
Core/Inc/stm32f0xx_hal_conf.h:151: warning: "VDD_VALUE" redefined
  151 | #define  VDD_VALUE                    ((uint32_t)3300) /*!< Value of VDD in mv */
      | 
<command-line>: note: this is the location of the previous definition
arm-none-eabi-gcc -c -mcpu=cortex-m0 -mthumb   -DSTM32F051x8 -DUSE_FULL_LL_DRIVER -DHSE_VALUE=8000000 -DHSE_STARTUP_TIMEOUT=100 -DLSE_STARTUP_TIMEOUT=5000 -DLSE_VALUE=32768 -DHSI_VALUE=8000000 -DLSI_VALUE=40000 -DVDD_VALUE=3300 -DPREFETCH_ENABLE=1 -DINSTRUCTION_CACHE_ENABLE=0 -DDATA_CACHE_ENABLE=0 -ICore/Inc -IDrivers/STM32F0xx_HAL_Driver/Inc -IDrivers/CMSIS/Device/ST/STM32F0xx/Include -IDrivers/CMSIS/Include -Og -Wall -fdata-sections -ffunction-sections -g -gdwarf-2 -MMD -MP -MF"build/stm32f0xx_hal_dma.d" -Wa,-a,-ad,-alms=build/stm32f0xx_hal_dma.lst Drivers/STM32F0xx_HAL_Driver/Src/stm32f0xx_hal_dma.c -o build/stm32f0xx_hal_dma.o
In file included from Drivers/STM32F0xx_HAL_Driver/Inc/stm32f0xx_hal.h:29,
                 from Drivers/STM32F0xx_HAL_Driver/Src/stm32f0xx_hal_dma.c:77:
Core/Inc/stm32f0xx_hal_conf.h:151: warning: "VDD_VALUE" redefined
  151 | #define  VDD_VALUE                    ((uint32_t)3300) /*!< Value of VDD in mv */
      | 
<command-line>: note: this is the location of the previous definition
arm-none-eabi-gcc -c -mcpu=cortex-m0 -mthumb   -DSTM32F051x8 -DUSE_FULL_LL_DRIVER -DHSE_VALUE=8000000 -DHSE_STARTUP_TIMEOUT=100 -DLSE_STARTUP_TIMEOUT=5000 -DLSE_VALUE=32768 -DHSI_VALUE=8000000 -DLSI_VALUE=40000 -DVDD_VALUE=3300 -DPREFETCH_ENABLE=1 -DINSTRUCTION_CACHE_ENABLE=0 -DDATA_CACHE_ENABLE=0 -ICore/Inc -IDrivers/STM32F0xx_HAL_Driver/Inc -IDrivers/CMSIS/Device/ST/STM32F0xx/Include -IDrivers/CMSIS/Include -Og -Wall -fdata-sections -ffunction-sections -g -gdwarf-2 -MMD -MP -MF"build/stm32f0xx_hal_flash.d" -Wa,-a,-ad,-alms=build/stm32f0xx_hal_flash.lst Drivers/STM32F0xx_HAL_Driver/Src/stm32f0xx_hal_flash.c -o build/stm32f0xx_hal_flash.o
In file included from Drivers/STM32F0xx_HAL_Driver/Inc/stm32f0xx_hal.h:29,
                 from Drivers/STM32F0xx_HAL_Driver/Src/stm32f0xx_hal_flash.c:82:
Core/Inc/stm32f0xx_hal_conf.h:151: warning: "VDD_VALUE" redefined
  151 | #define  VDD_VALUE                    ((uint32_t)3300) /*!< Value of VDD in mv */
      | 
<command-line>: note: this is the location of the previous definition
arm-none-eabi-gcc -c -mcpu=cortex-m0 -mthumb   -DSTM32F051x8 -DUSE_FULL_LL_DRIVER -DHSE_VALUE=8000000 -DHSE_STARTUP_TIMEOUT=100 -DLSE_STARTUP_TIMEOUT=5000 -DLSE_VALUE=32768 -DHSI_VALUE=8000000 -DLSI_VALUE=40000 -DVDD_VALUE=3300 -DPREFETCH_ENABLE=1 -DINSTRUCTION_CACHE_ENABLE=0 -DDATA_CACHE_ENABLE=0 -ICore/Inc -IDrivers/STM32F0xx_HAL_Driver/Inc -IDrivers/CMSIS/Device/ST/STM32F0xx/Include -IDrivers/CMSIS/Include -Og -Wall -fdata-sections -ffunction-sections -g -gdwarf-2 -MMD -MP -MF"build/stm32f0xx_hal_flash_ex.d" -Wa,-a,-ad,-alms=build/stm32f0xx_hal_flash_ex.lst Drivers/STM32F0xx_HAL_Driver/Src/stm32f0xx_hal_flash_ex.c -o build/stm32f0xx_hal_flash_ex.o
In file included from Drivers/STM32F0xx_HAL_Driver/Inc/stm32f0xx_hal.h:29,
                 from Drivers/STM32F0xx_HAL_Driver/Src/stm32f0xx_hal_flash_ex.c:41:
Core/Inc/stm32f0xx_hal_conf.h:151: warning: "VDD_VALUE" redefined
  151 | #define  VDD_VALUE                    ((uint32_t)3300) /*!< Value of VDD in mv */
      | 
<command-line>: note: this is the location of the previous definition
arm-none-eabi-gcc -c -mcpu=cortex-m0 -mthumb   -DSTM32F051x8 -DUSE_FULL_LL_DRIVER -DHSE_VALUE=8000000 -DHSE_STARTUP_TIMEOUT=100 -DLSE_STARTUP_TIMEOUT=5000 -DLSE_VALUE=32768 -DHSI_VALUE=8000000 -DLSI_VALUE=40000 -DVDD_VALUE=3300 -DPREFETCH_ENABLE=1 -DINSTRUCTION_CACHE_ENABLE=0 -DDATA_CACHE_ENABLE=0 -ICore/Inc -IDrivers/STM32F0xx_HAL_Driver/Inc -IDrivers/CMSIS/Device/ST/STM32F0xx/Include -IDrivers/CMSIS/Include -Og -Wall -fdata-sections -ffunction-sections -g -gdwarf-2 -MMD -MP -MF"build/stm32f0xx_hal_gpio.d" -Wa,-a,-ad,-alms=build/stm32f0xx_hal_gpio.lst Drivers/STM32F0xx_HAL_Driver/Src/stm32f0xx_hal_gpio.c -o build/stm32f0xx_hal_gpio.o
In file included from Drivers/STM32F0xx_HAL_Driver/Inc/stm32f0xx_hal.h:29,
                 from Drivers/STM32F0xx_HAL_Driver/Src/stm32f0xx_hal_gpio.c:111:
Core/Inc/stm32f0xx_hal_conf.h:151: warning: "VDD_VALUE" redefined
  151 | #define  VDD_VALUE                    ((uint32_t)3300) /*!< Value of VDD in mv */
      | 
<command-line>: note: this is the location of the previous definition
arm-none-eabi-gcc -c -mcpu=cortex-m0 -mthumb   -DSTM32F051x8 -DUSE_FULL_LL_DRIVER -DHSE_VALUE=8000000 -DHSE_STARTUP_TIMEOUT=100 -DLSE_STARTUP_TIMEOUT=5000 -DLSE_VALUE=32768 -DHSI_VALUE=8000000 -DLSI_VALUE=40000 -DVDD_VALUE=3300 -DPREFETCH_ENABLE=1 -DINSTRUCTION_CACHE_ENABLE=0 -DDATA_CACHE_ENABLE=0 -ICore/Inc -IDrivers/STM32F0xx_HAL_Driver/Inc -IDrivers/CMSIS/Device/ST/STM32F0xx/Include -IDrivers/CMSIS/Include -Og -Wall -fdata-sections -ffunction-sections -g -gdwarf-2 -MMD -MP -MF"build/stm32f0xx_hal_i2c.d" -Wa,-a,-ad,-alms=build/stm32f0xx_hal_i2c.lst Drivers/STM32F0xx_HAL_Driver/Src/stm32f0xx_hal_i2c.c -o build/stm32f0xx_hal_i2c.o
In file included from Drivers/STM32F0xx_HAL_Driver/Inc/stm32f0xx_hal.h:29,
                 from Drivers/STM32F0xx_HAL_Driver/Src/stm32f0xx_hal_i2c.c:323:
Core/Inc/stm32f0xx_hal_conf.h:151: warning: "VDD_VALUE" redefined
  151 | #define  VDD_VALUE                    ((uint32_t)3300) /*!< Value of VDD in mv */
      | 
<command-line>: note: this is the location of the previous definition
arm-none-eabi-gcc -c -mcpu=cortex-m0 -mthumb   -DSTM32F051x8 -DUSE_FULL_LL_DRIVER -DHSE_VALUE=8000000 -DHSE_STARTUP_TIMEOUT=100 -DLSE_STARTUP_TIMEOUT=5000 -DLSE_VALUE=32768 -DHSI_VALUE=8000000 -DLSI_VALUE=40000 -DVDD_VALUE=3300 -DPREFETCH_ENABLE=1 -DINSTRUCTION_CACHE_ENABLE=0 -DDATA_CACHE_ENABLE=0 -ICore/Inc -IDrivers/STM32F0xx_HAL_Driver/Inc -IDrivers/CMSIS/Device/ST/STM32F0xx/Include -IDrivers/CMSIS/Include -Og -Wall -fdata-sections -ffunction-sections -g -gdwarf-2 -MMD -MP -MF"build/stm32f0xx_hal_i2c_ex.d" -Wa,-a,-ad,-alms=build/stm32f0xx_hal_i2c_ex.lst Drivers/STM32F0xx_HAL_Driver/Src/stm32f0xx_hal_i2c_ex.c -o build/stm32f0xx_hal_i2c_ex.o
In file included from Drivers/STM32F0xx_HAL_Driver/Inc/stm32f0xx_hal.h:29,
                 from Drivers/STM32F0xx_HAL_Driver/Src/stm32f0xx_hal_i2c_ex.c:51:
Core/Inc/stm32f0xx_hal_conf.h:151: warning: "VDD_VALUE" redefined
  151 | #define  VDD_VALUE                    ((uint32_t)3300) /*!< Value of VDD in mv */
      | 
<command-line>: note: this is the location of the previous definition
arm-none-eabi-gcc -c -mcpu=cortex-m0 -mthumb   -DSTM32F051x8 -DUSE_FULL_LL_DRIVER -DHSE_VALUE=8000000 -DHSE_STARTUP_TIMEOUT=100 -DLSE_STARTUP_TIMEOUT=5000 -DLSE_VALUE=32768 -DHSI_VALUE=8000000 -DLSI_VALUE=40000 -DVDD_VALUE=3300 -DPREFETCH_ENABLE=1 -DINSTRUCTION_CACHE_ENABLE=0 -DDATA_CACHE_ENABLE=0 -ICore/Inc -IDrivers/STM32F0xx_HAL_Driver/Inc -IDrivers/CMSIS/Device/ST/STM32F0xx/Include -IDrivers/CMSIS/Include -Og -Wall -fdata-sections -ffunction-sections -g -gdwarf-2 -MMD -MP -MF"build/stm32f0xx_hal_tim.d" -Wa,-a,-ad,-alms=build/stm32f0xx_hal_tim.lst Drivers/STM32F0xx_HAL_Driver/Src/stm32f0xx_hal_tim.c -o build/stm32f0xx_hal_tim.o
In file included from Drivers/STM32F0xx_HAL_Driver/Inc/stm32f0xx_hal.h:29,
                 from Drivers/STM32F0xx_HAL_Driver/Src/stm32f0xx_hal_tim.c:186:
Core/Inc/stm32f0xx_hal_conf.h:151: warning: "VDD_VALUE" redefined
  151 | #define  VDD_VALUE                    ((uint32_t)3300) /*!< Value of VDD in mv */
      | 
<command-line>: note: this is the location of the previous definition
arm-none-eabi-gcc -c -mcpu=cortex-m0 -mthumb   -DSTM32F051x8 -DUSE_FULL_LL_DRIVER -DHSE_VALUE=8000000 -DHSE_STARTUP_TIMEOUT=100 -DLSE_STARTUP_TIMEOUT=5000 -DLSE_VALUE=32768 -DHSI_VALUE=8000000 -DLSI_VALUE=40000 -DVDD_VALUE=3300 -DPREFETCH_ENABLE=1 -DINSTRUCTION_CACHE_ENABLE=0 -DDATA_CACHE_ENABLE=0 -ICore/Inc -IDrivers/STM32F0xx_HAL_Driver/Inc -IDrivers/CMSIS/Device/ST/STM32F0xx/Include -IDrivers/CMSIS/Include -Og -Wall -fdata-sections -ffunction-sections -g -gdwarf-2 -MMD -MP -MF"build/stm32f0xx_hal_tim_ex.d" -Wa,-a,-ad,-alms=build/stm32f0xx_hal_tim_ex.lst Drivers/STM32F0xx_HAL_Driver/Src/stm32f0xx_hal_tim_ex.c -o build/stm32f0xx_hal_tim_ex.o
In file included from Drivers/STM32F0xx_HAL_Driver/Inc/stm32f0xx_hal.h:29,
                 from Drivers/STM32F0xx_HAL_Driver/Src/stm32f0xx_hal_tim_ex.c:82:
Core/Inc/stm32f0xx_hal_conf.h:151: warning: "VDD_VALUE" redefined
  151 | #define  VDD_VALUE                    ((uint32_t)3300) /*!< Value of VDD in mv */
      | 
<command-line>: note: this is the location of the previous definition
arm-none-eabi-gcc -c -mcpu=cortex-m0 -mthumb   -DSTM32F051x8 -DUSE_FULL_LL_DRIVER -DHSE_VALUE=8000000 -DHSE_STARTUP_TIMEOUT=100 -DLSE_STARTUP_TIMEOUT=5000 -DLSE_VALUE=32768 -DHSI_VALUE=8000000 -DLSI_VALUE=40000 -DVDD_VALUE=3300 -DPREFETCH_ENABLE=1 -DINSTRUCTION_CACHE_ENABLE=0 -DDATA_CACHE_ENABLE=0 -ICore/Inc -IDrivers/STM32F0xx_HAL_Driver/Inc -IDrivers/CMSIS/Device/ST/STM32F0xx/Include -IDrivers/CMSIS/Include -Og -Wall -fdata-sections -ffunction-sections -g -gdwarf-2 -MMD -MP -MF"build/stm32f0xx_hal_rcc.d" -Wa,-a,-ad,-alms=build/stm32f0xx_hal_rcc.lst Drivers/STM32F0xx_HAL_Driver/Src/stm32f0xx_hal_rcc.c -o build/stm32f0xx_hal_rcc.o
In file included from Drivers/STM32F0xx_HAL_Driver/Inc/stm32f0xx_hal.h:29,
                 from Drivers/STM32F0xx_HAL_Driver/Src/stm32f0xx_hal_rcc.c:61:
Core/Inc/stm32f0xx_hal_conf.h:151: warning: "VDD_VALUE" redefined
  151 | #define  VDD_VALUE                    ((uint32_t)3300) /*!< Value of VDD in mv */
      | 
<command-line>: note: this is the location of the previous definition
arm-none-eabi-gcc -c -mcpu=cortex-m0 -mthumb   -DSTM32F051x8 -DUSE_FULL_LL_DRIVER -DHSE_VALUE=8000000 -DHSE_STARTUP_TIMEOUT=100 -DLSE_STARTUP_TIMEOUT=5000 -DLSE_VALUE=32768 -DHSI_VALUE=8000000 -DLSI_VALUE=40000 -DVDD_VALUE=3300 -DPREFETCH_ENABLE=1 -DINSTRUCTION_CACHE_ENABLE=0 -DDATA_CACHE_ENABLE=0 -ICore/Inc -IDrivers/STM32F0xx_HAL_Driver/Inc -IDrivers/CMSIS/Device/ST/STM32F0xx/Include -IDrivers/CMSIS/Include -Og -Wall -fdata-sections -ffunction-sections -g -gdwarf-2 -MMD -MP -MF"build/stm32f0xx_hal_rcc_ex.d" -Wa,-a,-ad,-alms=build/stm32f0xx_hal_rcc_ex.lst Drivers/STM32F0xx_HAL_Driver/Src/stm32f0xx_hal_rcc_ex.c -o build/stm32f0xx_hal_rcc_ex.o
In file included from Drivers/STM32F0xx_HAL_Driver/Inc/stm32f0xx_hal.h:29,
                 from Drivers/STM32F0xx_HAL_Driver/Src/stm32f0xx_hal_rcc_ex.c:24:
Core/Inc/stm32f0xx_hal_conf.h:151: warning: "VDD_VALUE" redefined
  151 | #define  VDD_VALUE                    ((uint32_t)3300) /*!< Value of VDD in mv */
      | 
<command-line>: note: this is the location of the previous definition
arm-none-eabi-gcc -c -mcpu=cortex-m0 -mthumb   -DSTM32F051x8 -DUSE_FULL_LL_DRIVER -DHSE_VALUE=8000000 -DHSE_STARTUP_TIMEOUT=100 -DLSE_STARTUP_TIMEOUT=5000 -DLSE_VALUE=32768 -DHSI_VALUE=8000000 -DLSI_VALUE=40000 -DVDD_VALUE=3300 -DPREFETCH_ENABLE=1 -DINSTRUCTION_CACHE_ENABLE=0 -DDATA_CACHE_ENABLE=0 -ICore/Inc -IDrivers/STM32F0xx_HAL_Driver/Inc -IDrivers/CMSIS/Device/ST/STM32F0xx/Include -IDrivers/CMSIS/Include -Og -Wall -fdata-sections -ffunction-sections -g -gdwarf-2 -MMD -MP -MF"build/stm32f0xx_hal_msp.d" -Wa,-a,-ad,-alms=build/stm32f0xx_hal_msp.lst Core/Src/stm32f0xx_hal_msp.c -o build/stm32f0xx_hal_msp.o
In file included from Drivers/STM32F0xx_HAL_Driver/Inc/stm32f0xx_hal.h:29,
                 from Core/Inc/main.h:30,
                 from Core/Src/stm32f0xx_hal_msp.c:22:
Core/Inc/stm32f0xx_hal_conf.h:151: warning: "VDD_VALUE" redefined
  151 | #define  VDD_VALUE                    ((uint32_t)3300) /*!< Value of VDD in mv */
      | 
<command-line>: note: this is the location of the previous definition
arm-none-eabi-gcc -c -mcpu=cortex-m0 -mthumb   -DSTM32F051x8 -DUSE_FULL_LL_DRIVER -DHSE_VALUE=8000000 -DHSE_STARTUP_TIMEOUT=100 -DLSE_STARTUP_TIMEOUT=5000 -DLSE_VALUE=32768 -DHSI_VALUE=8000000 -DLSI_VALUE=40000 -DVDD_VALUE=3300 -DPREFETCH_ENABLE=1 -DINSTRUCTION_CACHE_ENABLE=0 -DDATA_CACHE_ENABLE=0 -ICore/Inc -IDrivers/STM32F0xx_HAL_Driver/Inc -IDrivers/CMSIS/Device/ST/STM32F0xx/Include -IDrivers/CMSIS/Include -Og -Wall -fdata-sections -ffunction-sections -g -gdwarf-2 -MMD -MP -MF"build/stm32f0xx_ll_utils.d" -Wa,-a,-ad,-alms=build/stm32f0xx_ll_utils.lst Drivers/STM32F0xx_HAL_Driver/Src/stm32f0xx_ll_utils.c -o build/stm32f0xx_ll_utils.o
arm-none-eabi-gcc -x assembler-with-cpp -c -mcpu=cortex-m0 -mthumb   -DSTM32F051x8 -DUSE_FULL_LL_DRIVER -DHSE_VALUE=8000000 -DHSE_STARTUP_TIMEOUT=100 -DLSE_STARTUP_TIMEOUT=5000 -DLSE_VALUE=32768 -DHSI_VALUE=8000000 -DLSI_VALUE=40000 -DVDD_VALUE=3300 -DPREFETCH_ENABLE=1 -DINSTRUCTION_CACHE_ENABLE=0 -DDATA_CACHE_ENABLE=0 -ICore/Inc -IDrivers/STM32F0xx_HAL_Driver/Inc -IDrivers/CMSIS/Device/ST/STM32F0xx/Include -IDrivers/CMSIS/Include -Og -Wall -fdata-sections -ffunction-sections -g -gdwarf-2 -MMD -MP -MF"build/startup_stm32f051x8.d" startup_stm32f051x8.s -o build/startup_stm32f051x8.o
arm-none-eabi-gcc build/main.o build/stm32f0xx_it.o build/system_stm32f0xx.o build/stm32f0xx_ll_gpio.o build/stm32f0xx_hal.o build/stm32f0xx_hal_pwr.o build/stm32f0xx_hal_pwr_ex.o build/stm32f0xx_ll_exti.o build/stm32f0xx_ll_rcc.o build/stm32f0xx_hal_adc.o build/stm32f0xx_hal_cortex.o build/stm32f0xx_hal_adc_ex.o build/stm32f0xx_hal_dma.o build/stm32f0xx_hal_flash.o build/stm32f0xx_hal_flash_ex.o build/stm32f0xx_hal_gpio.o build/stm32f0xx_hal_i2c.o build/stm32f0xx_hal_i2c_ex.o build/stm32f0xx_hal_tim.o build/stm32f0xx_hal_tim_ex.o build/stm32f0xx_hal_rcc.o build/stm32f0xx_hal_rcc_ex.o build/stm32f0xx_hal_msp.o build/stm32f0xx_ll_utils.o build/startup_stm32f051x8.o -mcpu=cortex-m0 -mthumb   -specs=nano.specs -TSTM32F051C6Tx_FLASH.ld  -lc -lm -lnosys  -Wl,-Map=build/Prac3.map,--cref -Wl,--gc-sections -o build/Prac3.elf
C:/ST/STM32CubeIDE_1.13.2/STM32CubeIDE/plugins/com.st.stm32cube.ide.mcu.externaltools.gnu-tools-for-stm32.11.3.rel1.win32_1.1.1.202309131626/tools/bin/../lib/gcc/arm-none-eabi/11.3.1/../../../../arm-none-eabi/bin/ld.exe: C:/ST/STM32CubeIDE_1.13.2/STM32CubeIDE/plugins/com.st.stm32cube.ide.mcu.externaltools.gnu-tools-for-stm32.11.3.rel1.win32_1.1.1.202309131626/tools/bin/../lib/gcc/arm-none-eabi/11.3.1/../../../../arm-none-eabi/lib/thumb/v6-m/nofp\libc_nano.a(libc_a-closer.o): in function `_close_r':
(.text._close_r+0xc): warning: _close is not implemented and will always fail
C:/ST/STM32CubeIDE_1.13.2/STM32CubeIDE/plugins/com.st.stm32cube.ide.mcu.externaltools.gnu-tools-for-stm32.11.3.rel1.win32_1.1.1.202309131626/tools/bin/../lib/gcc/arm-none-eabi/11.3.1/../../../../arm-none-eabi/bin/ld.exe: C:/ST/STM32CubeIDE_1.13.2/STM32CubeIDE/plugins/com.st.stm32cube.ide.mcu.externaltools.gnu-tools-for-stm32.11.3.rel1.win32_1.1.1.202309131626/tools/bin/../lib/gcc/arm-none-eabi/11.3.1/../../../../arm-none-eabi/lib/thumb/v6-m/nofp\libc_nano.a(libc_a-lseekr.o): in function `_lseek_r':
(.text._lseek_r+0x10): warning: _lseek is not implemented and will always fail
C:/ST/STM32CubeIDE_1.13.2/STM32CubeIDE/plugins/com.st.stm32cube.ide.mcu.externaltools.gnu-tools-for-stm32.11.3.rel1.win32_1.1.1.202309131626/tools/bin/../lib/gcc/arm-none-eabi/11.3.1/../../../../arm-none-eabi/bin/ld.exe: C:/ST/STM32CubeIDE_1.13.2/STM32CubeIDE/plugins/com.st.stm32cube.ide.mcu.externaltools.gnu-tools-for-stm32.11.3.rel1.win32_1.1.1.202309131626/tools/bin/../lib/gcc/arm-none-eabi/11.3.1/../../../../arm-none-eabi/lib/thumb/v6-m/nofp\libc_nano.a(libc_a-readr.o): in function `_read_r':
(.text._read_r+0x10): warning: _read is not implemented and will always fail
C:/ST/STM32CubeIDE_1.13.2/STM32CubeIDE/plugins/com.st.stm32cube.ide.mcu.externaltools.gnu-tools-for-stm32.11.3.rel1.win32_1.1.1.202309131626/tools/bin/../lib/gcc/arm-none-eabi/11.3.1/../../../../arm-none-eabi/bin/ld.exe: C:/ST/STM32CubeIDE_1.13.2/STM32CubeIDE/plugins/com.st.stm32cube.ide.mcu.externaltools.gnu-tools-for-stm32.11.3.rel1.win32_1.1.1.202309131626/tools/bin/../lib/gcc/arm-none-eabi/11.3.1/../../../../arm-none-eabi/lib/thumb/v6-m/nofp\libc_nano.a(libc_a-writer.o): in function `_write_r':
(.text._write_r+0x10): warning: _write is not implemented and will always fail
arm-none-eabi-size build/Prac3.elf
   text	   data	    bss	    dec	    hex	filename
   7204	     20	   1852	   9076	   2374	build/Prac3.elf
arm-none-eabi-objcopy -O ihex build/Prac3.elf build/Prac3.hex
arm-none-eabi-objcopy -O binary -S build/Prac3.elf build/Prac3.bin	
15:26:57 **** Incremental Build of configuration Default for project Praccc ****
make all 
arm-none-eabi-gcc -c -mcpu=cortex-m0 -mthumb   -DSTM32F051x8 -DUSE_FULL_LL_DRIVER -DHSE_VALUE=8000000 -DHSE_STARTUP_TIMEOUT=100 -DLSE_STARTUP_TIMEOUT=5000 -DLSE_VALUE=32768 -DHSI_VALUE=8000000 -DLSI_VALUE=40000 -DVDD_VALUE=3300 -DPREFETCH_ENABLE=1 -DINSTRUCTION_CACHE_ENABLE=0 -DDATA_CACHE_ENABLE=0 -ICore/Inc -IDrivers/STM32F0xx_HAL_Driver/Inc -IDrivers/CMSIS/Device/ST/STM32F0xx/Include -IDrivers/CMSIS/Include -Og -Wall -fdata-sections -ffunction-sections -g -gdwarf-2 -MMD -MP -MF"build/main.d" -Wa,-a,-ad,-alms=build/main.lst Core/Src/main.c -o build/main.o
In file included from Drivers/STM32F0xx_HAL_Driver/Inc/stm32f0xx_hal.h:29,
                 from Core/Inc/main.h:30,
                 from Core/Src/main.c:20:
Core/Inc/stm32f0xx_hal_conf.h:151: warning: "VDD_VALUE" redefined
  151 | #define  VDD_VALUE                    ((uint32_t)3300) /*!< Value of VDD in mv */
      | 
<command-line>: note: this is the location of the previous definition
Core/Src/main.c: In function 'main':
Core/Src/main.c:161:11: warning: unused variable 'prevState' [-Wunused-variable]
  161 |   uint8_t prevState = 0;
      |           ^~~~~~~~~
Core/Src/main.c:139:12: warning: unused variable 'CCR' [-Wunused-variable]
  139 |   uint32_t CCR = 0;
      |            ^~~
Core/Src/main.c: In function 'write_to_address':
Core/Src/main.c:614:17: warning: variable 'dummy' set but not used [-Wunused-but-set-variable]
  614 |         uint8_t dummy; // Junk from the DR
      |                 ^~~~~
arm-none-eabi-gcc build/main.o build/stm32f0xx_it.o build/system_stm32f0xx.o build/stm32f0xx_ll_gpio.o build/stm32f0xx_hal.o build/stm32f0xx_hal_pwr.o build/stm32f0xx_hal_pwr_ex.o build/stm32f0xx_ll_exti.o build/stm32f0xx_ll_rcc.o build/stm32f0xx_hal_adc.o build/stm32f0xx_hal_cortex.o build/stm32f0xx_hal_adc_ex.o build/stm32f0xx_hal_dma.o build/stm32f0xx_hal_flash.o build/stm32f0xx_hal_flash_ex.o build/stm32f0xx_hal_gpio.o build/stm32f0xx_hal_i2c.o build/stm32f0xx_hal_i2c_ex.o build/stm32f0xx_hal_tim.o build/stm32f0xx_hal_tim_ex.o build/stm32f0xx_hal_rcc.o build/stm32f0xx_hal_rcc_ex.o build/stm32f0xx_hal_msp.o build/stm32f0xx_ll_utils.o build/startup_stm32f051x8.o -mcpu=cortex-m0 -mthumb   -specs=nano.specs -TSTM32F051C6Tx_FLASH.ld  -lc -lm -lnosys  -Wl,-Map=build/Prac3.map,--cref -Wl,--gc-sections -o build/Prac3.elf
C:/ST/STM32CubeIDE_1.13.2/STM32CubeIDE/plugins/com.st.stm32cube.ide.mcu.externaltools.gnu-tools-for-stm32.11.3.rel1.win32_1.1.1.202309131626/tools/bin/../lib/gcc/arm-none-eabi/11.3.1/../../../../arm-none-eabi/bin/ld.exe: C:/ST/STM32CubeIDE_1.13.2/STM32CubeIDE/plugins/com.st.stm32cube.ide.mcu.externaltools.gnu-tools-for-stm32.11.3.rel1.win32_1.1.1.202309131626/tools/bin/../lib/gcc/arm-none-eabi/11.3.1/../../../../arm-none-eabi/lib/thumb/v6-m/nofp\libc_nano.a(libc_a-closer.o): in function `_close_r':
(.text._close_r+0xc): warning: _close is not implemented and will always fail
C:/ST/STM32CubeIDE_1.13.2/STM32CubeIDE/plugins/com.st.stm32cube.ide.mcu.externaltools.gnu-tools-for-stm32.11.3.rel1.win32_1.1.1.202309131626/tools/bin/../lib/gcc/arm-none-eabi/11.3.1/../../../../arm-none-eabi/bin/ld.exe: C:/ST/STM32CubeIDE_1.13.2/STM32CubeIDE/plugins/com.st.stm32cube.ide.mcu.externaltools.gnu-tools-for-stm32.11.3.rel1.win32_1.1.1.202309131626/tools/bin/../lib/gcc/arm-none-eabi/11.3.1/../../../../arm-none-eabi/lib/thumb/v6-m/nofp\libc_nano.a(libc_a-lseekr.o): in function `_lseek_r':
(.text._lseek_r+0x10): warning: _lseek is not implemented and will always fail
C:/ST/STM32CubeIDE_1.13.2/STM32CubeIDE/plugins/com.st.stm32cube.ide.mcu.externaltools.gnu-tools-for-stm32.11.3.rel1.win32_1.1.1.202309131626/tools/bin/../lib/gcc/arm-none-eabi/11.3.1/../../../../arm-none-eabi/bin/ld.exe: C:/ST/STM32CubeIDE_1.13.2/STM32CubeIDE/plugins/com.st.stm32cube.ide.mcu.externaltools.gnu-tools-for-stm32.11.3.rel1.win32_1.1.1.202309131626/tools/bin/../lib/gcc/arm-none-eabi/11.3.1/../../../../arm-none-eabi/lib/thumb/v6-m/nofp\libc_nano.a(libc_a-readr.o): in function `_read_r':
(.text._read_r+0x10): warning: _read is not implemented and will always fail
C:/ST/STM32CubeIDE_1.13.2/STM32CubeIDE/plugins/com.st.stm32cube.ide.mcu.externaltools.gnu-tools-for-stm32.11.3.rel1.win32_1.1.1.202309131626/tools/bin/../lib/gcc/arm-none-eabi/11.3.1/../../../../arm-none-eabi/bin/ld.exe: C:/ST/STM32CubeIDE_1.13.2/STM32CubeIDE/plugins/com.st.stm32cube.ide.mcu.externaltools.gnu-tools-for-stm32.11.3.rel1.win32_1.1.1.202309131626/tools/bin/../lib/gcc/arm-none-eabi/11.3.1/../../../../arm-none-eabi/lib/thumb/v6-m/nofp\libc_nano.a(libc_a-writer.o): in function `_write_r':
(.text._write_r+0x10): warning: _write is not implemented and will always fail
arm-none-eabi-size build/Prac3.elf
   text	   data	    bss	    dec	    hex	filename
  11468	    108	   2188	  13764	   35c4	build/Prac3.elf
arm-none-eabi-objcopy -O ihex build/Prac3.elf build/Prac3.hex
arm-none-eabi-objcopy -O binary -S build/Prac3.elf build/Prac3.bin	
15:30:47 **** Incremental Build of configuration Default for project Praccc ****
make all 
arm-none-eabi-gcc -c -mcpu=cortex-m0 -mthumb   -DSTM32F051x8 -DUSE_FULL_LL_DRIVER -DHSE_VALUE=8000000 -DHSE_STARTUP_TIMEOUT=100 -DLSE_STARTUP_TIMEOUT=5000 -DLSE_VALUE=32768 -DHSI_VALUE=8000000 -DLSI_VALUE=40000 -DVDD_VALUE=3300 -DPREFETCH_ENABLE=1 -DINSTRUCTION_CACHE_ENABLE=0 -DDATA_CACHE_ENABLE=0 -ICore/Inc -IDrivers/STM32F0xx_HAL_Driver/Inc -IDrivers/CMSIS/Device/ST/STM32F0xx/Include -IDrivers/CMSIS/Include -Og -Wall -fdata-sections -ffunction-sections -g -gdwarf-2 -MMD -MP -MF"build/main.d" -Wa,-a,-ad,-alms=build/main.lst Core/Src/main.c -o build/main.o
In file included from Drivers/STM32F0xx_HAL_Driver/Inc/stm32f0xx_hal.h:29,
                 from Core/Inc/main.h:30,
                 from Core/Src/main.c:20:
Core/Inc/stm32f0xx_hal_conf.h:151: warning: "VDD_VALUE" redefined
  151 | #define  VDD_VALUE                    ((uint32_t)3300) /*!< Value of VDD in mv */
      | 
<command-line>: note: this is the location of the previous definition
Core/Src/main.c: In function 'main':
Core/Src/main.c:166:18: warning: unused variable 'adc_value' [-Wunused-variable]
  166 |         uint32_t adc_value = pollADC();
      |                  ^~~~~~~~~
Core/Src/main.c:161:11: warning: unused variable 'prevState' [-Wunused-variable]
  161 |   uint8_t prevState = 0;
      |           ^~~~~~~~~
Core/Src/main.c: In function 'write_to_address':
Core/Src/main.c:617:17: warning: variable 'dummy' set but not used [-Wunused-but-set-variable]
  617 |         uint8_t dummy; // Junk from the DR
      |                 ^~~~~
At top level:
Core/Src/main.c:169:18: warning: 'ADCtoCCR' defined but not used [-Wunused-function]
  169 |         uint32_t ADCtoCCR(uint32_t adc_val){
      |                  ^~~~~~~~
arm-none-eabi-gcc build/main.o build/stm32f0xx_it.o build/system_stm32f0xx.o build/stm32f0xx_ll_gpio.o build/stm32f0xx_hal.o build/stm32f0xx_hal_pwr.o build/stm32f0xx_hal_pwr_ex.o build/stm32f0xx_ll_exti.o build/stm32f0xx_ll_rcc.o build/stm32f0xx_hal_adc.o build/stm32f0xx_hal_cortex.o build/stm32f0xx_hal_adc_ex.o build/stm32f0xx_hal_dma.o build/stm32f0xx_hal_flash.o build/stm32f0xx_hal_flash_ex.o build/stm32f0xx_hal_gpio.o build/stm32f0xx_hal_i2c.o build/stm32f0xx_hal_i2c_ex.o build/stm32f0xx_hal_tim.o build/stm32f0xx_hal_tim_ex.o build/stm32f0xx_hal_rcc.o build/stm32f0xx_hal_rcc_ex.o build/stm32f0xx_hal_msp.o build/stm32f0xx_ll_utils.o build/startup_stm32f051x8.o -mcpu=cortex-m0 -mthumb   -specs=nano.specs -TSTM32F051C6Tx_FLASH.ld  -lc -lm -lnosys  -Wl,-Map=build/Prac3.map,--cref -Wl,--gc-sections -o build/Prac3.elf
C:/ST/STM32CubeIDE_1.13.2/STM32CubeIDE/plugins/com.st.stm32cube.ide.mcu.externaltools.gnu-tools-for-stm32.11.3.rel1.win32_1.1.1.202309131626/tools/bin/../lib/gcc/arm-none-eabi/11.3.1/../../../../arm-none-eabi/bin/ld.exe: C:/ST/STM32CubeIDE_1.13.2/STM32CubeIDE/plugins/com.st.stm32cube.ide.mcu.externaltools.gnu-tools-for-stm32.11.3.rel1.win32_1.1.1.202309131626/tools/bin/../lib/gcc/arm-none-eabi/11.3.1/../../../../arm-none-eabi/lib/thumb/v6-m/nofp\libc_nano.a(libc_a-closer.o): in function `_close_r':
(.text._close_r+0xc): warning: _close is not implemented and will always fail
C:/ST/STM32CubeIDE_1.13.2/STM32CubeIDE/plugins/com.st.stm32cube.ide.mcu.externaltools.gnu-tools-for-stm32.11.3.rel1.win32_1.1.1.202309131626/tools/bin/../lib/gcc/arm-none-eabi/11.3.1/../../../../arm-none-eabi/bin/ld.exe: C:/ST/STM32CubeIDE_1.13.2/STM32CubeIDE/plugins/com.st.stm32cube.ide.mcu.externaltools.gnu-tools-for-stm32.11.3.rel1.win32_1.1.1.202309131626/tools/bin/../lib/gcc/arm-none-eabi/11.3.1/../../../../arm-none-eabi/lib/thumb/v6-m/nofp\libc_nano.a(libc_a-lseekr.o): in function `_lseek_r':
(.text._lseek_r+0x10): warning: _lseek is not implemented and will always fail
C:/ST/STM32CubeIDE_1.13.2/STM32CubeIDE/plugins/com.st.stm32cube.ide.mcu.externaltools.gnu-tools-for-stm32.11.3.rel1.win32_1.1.1.202309131626/tools/bin/../lib/gcc/arm-none-eabi/11.3.1/../../../../arm-none-eabi/bin/ld.exe: C:/ST/STM32CubeIDE_1.13.2/STM32CubeIDE/plugins/com.st.stm32cube.ide.mcu.externaltools.gnu-tools-for-stm32.11.3.rel1.win32_1.1.1.202309131626/tools/bin/../lib/gcc/arm-none-eabi/11.3.1/../../../../arm-none-eabi/lib/thumb/v6-m/nofp\libc_nano.a(libc_a-readr.o): in function `_read_r':
(.text._read_r+0x10): warning: _read is not implemented and will always fail
C:/ST/STM32CubeIDE_1.13.2/STM32CubeIDE/plugins/com.st.stm32cube.ide.mcu.externaltools.gnu-tools-for-stm32.11.3.rel1.win32_1.1.1.202309131626/tools/bin/../lib/gcc/arm-none-eabi/11.3.1/../../../../arm-none-eabi/bin/ld.exe: C:/ST/STM32CubeIDE_1.13.2/STM32CubeIDE/plugins/com.st.stm32cube.ide.mcu.externaltools.gnu-tools-for-stm32.11.3.rel1.win32_1.1.1.202309131626/tools/bin/../lib/gcc/arm-none-eabi/11.3.1/../../../../arm-none-eabi/lib/thumb/v6-m/nofp\libc_nano.a(libc_a-writer.o): in function `_write_r':
(.text._write_r+0x10): warning: _write is not implemented and will always fail
arm-none-eabi-size build/Prac3.elf
   text	   data	    bss	    dec	    hex	filename
  11440	    108	   2188	  13736	   35a8	build/Prac3.elf
arm-none-eabi-objcopy -O ihex build/Prac3.elf build/Prac3.hex
arm-none-eabi-objcopy -O binary -S build/Prac3.elf build/Prac3.bin	
15:40:38 **** Incremental Build of configuration Default for project Praccc ****
make all 
arm-none-eabi-gcc -c -mcpu=cortex-m0 -mthumb   -DSTM32F051x8 -DUSE_FULL_LL_DRIVER -DHSE_VALUE=8000000 -DHSE_STARTUP_TIMEOUT=100 -DLSE_STARTUP_TIMEOUT=5000 -DLSE_VALUE=32768 -DHSI_VALUE=8000000 -DLSI_VALUE=40000 -DVDD_VALUE=3300 -DPREFETCH_ENABLE=1 -DINSTRUCTION_CACHE_ENABLE=0 -DDATA_CACHE_ENABLE=0 -ICore/Inc -IDrivers/STM32F0xx_HAL_Driver/Inc -IDrivers/CMSIS/Device/ST/STM32F0xx/Include -IDrivers/CMSIS/Include -Og -Wall -fdata-sections -ffunction-sections -g -gdwarf-2 -MMD -MP -MF"build/main.d" -Wa,-a,-ad,-alms=build/main.lst Core/Src/main.c -o build/main.o
In file included from Drivers/STM32F0xx_HAL_Driver/Inc/stm32f0xx_hal.h:29,
                 from Core/Inc/main.h:30,
                 from Core/Src/main.c:20:
Core/Inc/stm32f0xx_hal_conf.h:151: warning: "VDD_VALUE" redefined
  151 | #define  VDD_VALUE                    ((uint32_t)3300) /*!< Value of VDD in mv */
      | 
<command-line>: note: this is the location of the previous definition
Core/Src/main.c: In function 'main':
Core/Src/main.c:166:18: warning: unused variable 'adc_value' [-Wunused-variable]
  166 |         uint32_t adc_value = pollADC();
      |                  ^~~~~~~~~
Core/Src/main.c:161:11: warning: unused variable 'prevState' [-Wunused-variable]
  161 |   uint8_t prevState = 0;
      |           ^~~~~~~~~
Core/Src/main.c: In function 'write_to_address':
Core/Src/main.c:617:17: warning: variable 'dummy' set but not used [-Wunused-but-set-variable]
  617 |         uint8_t dummy; // Junk from the DR
      |                 ^~~~~
At top level:
Core/Src/main.c:169:18: warning: 'ADCtoCCR' defined but not used [-Wunused-function]
  169 |         uint32_t ADCtoCCR(uint32_t adc_val){
      |                  ^~~~~~~~
arm-none-eabi-gcc build/main.o build/stm32f0xx_it.o build/system_stm32f0xx.o build/stm32f0xx_ll_gpio.o build/stm32f0xx_hal.o build/stm32f0xx_hal_pwr.o build/stm32f0xx_hal_pwr_ex.o build/stm32f0xx_ll_exti.o build/stm32f0xx_ll_rcc.o build/stm32f0xx_hal_adc.o build/stm32f0xx_hal_cortex.o build/stm32f0xx_hal_adc_ex.o build/stm32f0xx_hal_dma.o build/stm32f0xx_hal_flash.o build/stm32f0xx_hal_flash_ex.o build/stm32f0xx_hal_gpio.o build/stm32f0xx_hal_i2c.o build/stm32f0xx_hal_i2c_ex.o build/stm32f0xx_hal_tim.o build/stm32f0xx_hal_tim_ex.o build/stm32f0xx_hal_rcc.o build/stm32f0xx_hal_rcc_ex.o build/stm32f0xx_hal_msp.o build/stm32f0xx_ll_utils.o build/startup_stm32f051x8.o -mcpu=cortex-m0 -mthumb   -specs=nano.specs -TSTM32F051C6Tx_FLASH.ld  -lc -lm -lnosys  -Wl,-Map=build/Prac3.map,--cref -Wl,--gc-sections -o build/Prac3.elf
C:/ST/STM32CubeIDE_1.13.2/STM32CubeIDE/plugins/com.st.stm32cube.ide.mcu.externaltools.gnu-tools-for-stm32.11.3.rel1.win32_1.1.1.202309131626/tools/bin/../lib/gcc/arm-none-eabi/11.3.1/../../../../arm-none-eabi/bin/ld.exe: C:/ST/STM32CubeIDE_1.13.2/STM32CubeIDE/plugins/com.st.stm32cube.ide.mcu.externaltools.gnu-tools-for-stm32.11.3.rel1.win32_1.1.1.202309131626/tools/bin/../lib/gcc/arm-none-eabi/11.3.1/../../../../arm-none-eabi/lib/thumb/v6-m/nofp\libc_nano.a(libc_a-closer.o): in function `_close_r':
(.text._close_r+0xc): warning: _close is not implemented and will always fail
C:/ST/STM32CubeIDE_1.13.2/STM32CubeIDE/plugins/com.st.stm32cube.ide.mcu.externaltools.gnu-tools-for-stm32.11.3.rel1.win32_1.1.1.202309131626/tools/bin/../lib/gcc/arm-none-eabi/11.3.1/../../../../arm-none-eabi/bin/ld.exe: C:/ST/STM32CubeIDE_1.13.2/STM32CubeIDE/plugins/com.st.stm32cube.ide.mcu.externaltools.gnu-tools-for-stm32.11.3.rel1.win32_1.1.1.202309131626/tools/bin/../lib/gcc/arm-none-eabi/11.3.1/../../../../arm-none-eabi/lib/thumb/v6-m/nofp\libc_nano.a(libc_a-lseekr.o): in function `_lseek_r':
(.text._lseek_r+0x10): warning: _lseek is not implemented and will always fail
C:/ST/STM32CubeIDE_1.13.2/STM32CubeIDE/plugins/com.st.stm32cube.ide.mcu.externaltools.gnu-tools-for-stm32.11.3.rel1.win32_1.1.1.202309131626/tools/bin/../lib/gcc/arm-none-eabi/11.3.1/../../../../arm-none-eabi/bin/ld.exe: C:/ST/STM32CubeIDE_1.13.2/STM32CubeIDE/plugins/com.st.stm32cube.ide.mcu.externaltools.gnu-tools-for-stm32.11.3.rel1.win32_1.1.1.202309131626/tools/bin/../lib/gcc/arm-none-eabi/11.3.1/../../../../arm-none-eabi/lib/thumb/v6-m/nofp\libc_nano.a(libc_a-readr.o): in function `_read_r':
(.text._read_r+0x10): warning: _read is not implemented and will always fail
C:/ST/STM32CubeIDE_1.13.2/STM32CubeIDE/plugins/com.st.stm32cube.ide.mcu.externaltools.gnu-tools-for-stm32.11.3.rel1.win32_1.1.1.202309131626/tools/bin/../lib/gcc/arm-none-eabi/11.3.1/../../../../arm-none-eabi/bin/ld.exe: C:/ST/STM32CubeIDE_1.13.2/STM32CubeIDE/plugins/com.st.stm32cube.ide.mcu.externaltools.gnu-tools-for-stm32.11.3.rel1.win32_1.1.1.202309131626/tools/bin/../lib/gcc/arm-none-eabi/11.3.1/../../../../arm-none-eabi/lib/thumb/v6-m/nofp\libc_nano.a(libc_a-writer.o): in function `_write_r':
(.text._write_r+0x10): warning: _write is not implemented and will always fail
arm-none-eabi-size build/Prac3.elf
   text	   data	    bss	    dec	    hex	filename
  11452	    108	   2188	  13748	   35b4	build/Prac3.elf
arm-none-eabi-objcopy -O ihex build/Prac3.elf build/Prac3.hex
arm-none-eabi-objcopy -O binary -S build/Prac3.elf build/Prac3.bin	
15:41:28 **** Incremental Build of configuration Default for project Praccc ****
make all 
make: Nothing to be done for 'all'.
15:41:52 **** Incremental Build of configuration Default for project Praccc ****
make all 
make: Nothing to be done for 'all'.
15:43:07 **** Incremental Build of configuration Default for project Praccc ****
make all 
arm-none-eabi-gcc -c -mcpu=cortex-m0 -mthumb   -DSTM32F051x8 -DUSE_FULL_LL_DRIVER -DHSE_VALUE=8000000 -DHSE_STARTUP_TIMEOUT=100 -DLSE_STARTUP_TIMEOUT=5000 -DLSE_VALUE=32768 -DHSI_VALUE=8000000 -DLSI_VALUE=40000 -DVDD_VALUE=3300 -DPREFETCH_ENABLE=1 -DINSTRUCTION_CACHE_ENABLE=0 -DDATA_CACHE_ENABLE=0 -ICore/Inc -IDrivers/STM32F0xx_HAL_Driver/Inc -IDrivers/CMSIS/Device/ST/STM32F0xx/Include -IDrivers/CMSIS/Include -Og -Wall -fdata-sections -ffunction-sections -g -gdwarf-2 -MMD -MP -MF"build/main.d" -Wa,-a,-ad,-alms=build/main.lst Core/Src/main.c -o build/main.o
In file included from Drivers/STM32F0xx_HAL_Driver/Inc/stm32f0xx_hal.h:29,
                 from Core/Inc/main.h:30,
                 from Core/Src/main.c:20:
Core/Inc/stm32f0xx_hal_conf.h:151: warning: "VDD_VALUE" redefined
  151 | #define  VDD_VALUE                    ((uint32_t)3300) /*!< Value of VDD in mv */
      | 
<command-line>: note: this is the location of the previous definition
Core/Src/main.c: In function 'main':
Core/Src/main.c:166:18: warning: unused variable 'adc_value' [-Wunused-variable]
  166 |         uint32_t adc_value = pollADC();
      |                  ^~~~~~~~~
Core/Src/main.c:161:11: warning: unused variable 'prevState' [-Wunused-variable]
  161 |   uint8_t prevState = 0;
      |           ^~~~~~~~~
Core/Src/main.c: In function 'write_to_address':
Core/Src/main.c:617:17: warning: variable 'dummy' set but not used [-Wunused-but-set-variable]
  617 |         uint8_t dummy; // Junk from the DR
      |                 ^~~~~
At top level:
Core/Src/main.c:169:18: warning: 'ADCtoCCR' defined but not used [-Wunused-function]
  169 |         uint32_t ADCtoCCR(uint32_t adc_val){
      |                  ^~~~~~~~
arm-none-eabi-gcc build/main.o build/stm32f0xx_it.o build/system_stm32f0xx.o build/stm32f0xx_ll_gpio.o build/stm32f0xx_hal.o build/stm32f0xx_hal_pwr.o build/stm32f0xx_hal_pwr_ex.o build/stm32f0xx_ll_exti.o build/stm32f0xx_ll_rcc.o build/stm32f0xx_hal_adc.o build/stm32f0xx_hal_cortex.o build/stm32f0xx_hal_adc_ex.o build/stm32f0xx_hal_dma.o build/stm32f0xx_hal_flash.o build/stm32f0xx_hal_flash_ex.o build/stm32f0xx_hal_gpio.o build/stm32f0xx_hal_i2c.o build/stm32f0xx_hal_i2c_ex.o build/stm32f0xx_hal_tim.o build/stm32f0xx_hal_tim_ex.o build/stm32f0xx_hal_rcc.o build/stm32f0xx_hal_rcc_ex.o build/stm32f0xx_hal_msp.o build/stm32f0xx_ll_utils.o build/startup_stm32f051x8.o -mcpu=cortex-m0 -mthumb   -specs=nano.specs -TSTM32F051C6Tx_FLASH.ld  -lc -lm -lnosys  -Wl,-Map=build/Prac3.map,--cref -Wl,--gc-sections -o build/Prac3.elf
C:/ST/STM32CubeIDE_1.13.2/STM32CubeIDE/plugins/com.st.stm32cube.ide.mcu.externaltools.gnu-tools-for-stm32.11.3.rel1.win32_1.1.1.202309131626/tools/bin/../lib/gcc/arm-none-eabi/11.3.1/../../../../arm-none-eabi/bin/ld.exe: C:/ST/STM32CubeIDE_1.13.2/STM32CubeIDE/plugins/com.st.stm32cube.ide.mcu.externaltools.gnu-tools-for-stm32.11.3.rel1.win32_1.1.1.202309131626/tools/bin/../lib/gcc/arm-none-eabi/11.3.1/../../../../arm-none-eabi/lib/thumb/v6-m/nofp\libc_nano.a(libc_a-closer.o): in function `_close_r':
(.text._close_r+0xc): warning: _close is not implemented and will always fail
C:/ST/STM32CubeIDE_1.13.2/STM32CubeIDE/plugins/com.st.stm32cube.ide.mcu.externaltools.gnu-tools-for-stm32.11.3.rel1.win32_1.1.1.202309131626/tools/bin/../lib/gcc/arm-none-eabi/11.3.1/../../../../arm-none-eabi/bin/ld.exe: C:/ST/STM32CubeIDE_1.13.2/STM32CubeIDE/plugins/com.st.stm32cube.ide.mcu.externaltools.gnu-tools-for-stm32.11.3.rel1.win32_1.1.1.202309131626/tools/bin/../lib/gcc/arm-none-eabi/11.3.1/../../../../arm-none-eabi/lib/thumb/v6-m/nofp\libc_nano.a(libc_a-lseekr.o): in function `_lseek_r':
(.text._lseek_r+0x10): warning: _lseek is not implemented and will always fail
C:/ST/STM32CubeIDE_1.13.2/STM32CubeIDE/plugins/com.st.stm32cube.ide.mcu.externaltools.gnu-tools-for-stm32.11.3.rel1.win32_1.1.1.202309131626/tools/bin/../lib/gcc/arm-none-eabi/11.3.1/../../../../arm-none-eabi/bin/ld.exe: C:/ST/STM32CubeIDE_1.13.2/STM32CubeIDE/plugins/com.st.stm32cube.ide.mcu.externaltools.gnu-tools-for-stm32.11.3.rel1.win32_1.1.1.202309131626/tools/bin/../lib/gcc/arm-none-eabi/11.3.1/../../../../arm-none-eabi/lib/thumb/v6-m/nofp\libc_nano.a(libc_a-readr.o): in function `_read_r':
(.text._read_r+0x10): warning: _read is not implemented and will always fail
C:/ST/STM32CubeIDE_1.13.2/STM32CubeIDE/plugins/com.st.stm32cube.ide.mcu.externaltools.gnu-tools-for-stm32.11.3.rel1.win32_1.1.1.202309131626/tools/bin/../lib/gcc/arm-none-eabi/11.3.1/../../../../arm-none-eabi/bin/ld.exe: C:/ST/STM32CubeIDE_1.13.2/STM32CubeIDE/plugins/com.st.stm32cube.ide.mcu.externaltools.gnu-tools-for-stm32.11.3.rel1.win32_1.1.1.202309131626/tools/bin/../lib/gcc/arm-none-eabi/11.3.1/../../../../arm-none-eabi/lib/thumb/v6-m/nofp\libc_nano.a(libc_a-writer.o): in function `_write_r':
(.text._write_r+0x10): warning: _write is not implemented and will always fail
arm-none-eabi-size build/Prac3.elf
   text	   data	    bss	    dec	    hex	filename
  11440	    108	   2188	  13736	   35a8	build/Prac3.elf
arm-none-eabi-objcopy -O ihex build/Prac3.elf build/Prac3.hex
arm-none-eabi-objcopy -O binary -S build/Prac3.elf build/Prac3.bin	
15:43:51 **** Incremental Build of configuration Default for project Praccc ****
make all 
make: Nothing to be done for 'all'.
15:44:40 **** Incremental Build of configuration Default for project Praccc ****
make all 
arm-none-eabi-gcc -c -mcpu=cortex-m0 -mthumb   -DSTM32F051x8 -DUSE_FULL_LL_DRIVER -DHSE_VALUE=8000000 -DHSE_STARTUP_TIMEOUT=100 -DLSE_STARTUP_TIMEOUT=5000 -DLSE_VALUE=32768 -DHSI_VALUE=8000000 -DLSI_VALUE=40000 -DVDD_VALUE=3300 -DPREFETCH_ENABLE=1 -DINSTRUCTION_CACHE_ENABLE=0 -DDATA_CACHE_ENABLE=0 -ICore/Inc -IDrivers/STM32F0xx_HAL_Driver/Inc -IDrivers/CMSIS/Device/ST/STM32F0xx/Include -IDrivers/CMSIS/Include -Og -Wall -fdata-sections -ffunction-sections -g -gdwarf-2 -MMD -MP -MF"build/main.d" -Wa,-a,-ad,-alms=build/main.lst Core/Src/main.c -o build/main.o
In file included from Drivers/STM32F0xx_HAL_Driver/Inc/stm32f0xx_hal.h:29,
                 from Core/Inc/main.h:30,
                 from Core/Src/main.c:20:
Core/Inc/stm32f0xx_hal_conf.h:151: warning: "VDD_VALUE" redefined
  151 | #define  VDD_VALUE                    ((uint32_t)3300) /*!< Value of VDD in mv */
      | 
<command-line>: note: this is the location of the previous definition
Core/Src/main.c: In function 'main':
Core/Src/main.c:161:11: warning: unused variable 'prevState' [-Wunused-variable]
  161 |   uint8_t prevState = 0;
      |           ^~~~~~~~~
Core/Src/main.c:139:12: warning: unused variable 'CCR' [-Wunused-variable]
  139 |   uint32_t CCR = 0;
      |            ^~~
Core/Src/main.c: In function 'write_to_address':
Core/Src/main.c:614:17: warning: variable 'dummy' set but not used [-Wunused-but-set-variable]
  614 |         uint8_t dummy; // Junk from the DR
      |                 ^~~~~
arm-none-eabi-gcc build/main.o build/stm32f0xx_it.o build/system_stm32f0xx.o build/stm32f0xx_ll_gpio.o build/stm32f0xx_hal.o build/stm32f0xx_hal_pwr.o build/stm32f0xx_hal_pwr_ex.o build/stm32f0xx_ll_exti.o build/stm32f0xx_ll_rcc.o build/stm32f0xx_hal_adc.o build/stm32f0xx_hal_cortex.o build/stm32f0xx_hal_adc_ex.o build/stm32f0xx_hal_dma.o build/stm32f0xx_hal_flash.o build/stm32f0xx_hal_flash_ex.o build/stm32f0xx_hal_gpio.o build/stm32f0xx_hal_i2c.o build/stm32f0xx_hal_i2c_ex.o build/stm32f0xx_hal_tim.o build/stm32f0xx_hal_tim_ex.o build/stm32f0xx_hal_rcc.o build/stm32f0xx_hal_rcc_ex.o build/stm32f0xx_hal_msp.o build/stm32f0xx_ll_utils.o build/startup_stm32f051x8.o -mcpu=cortex-m0 -mthumb   -specs=nano.specs -TSTM32F051C6Tx_FLASH.ld  -lc -lm -lnosys  -Wl,-Map=build/Prac3.map,--cref -Wl,--gc-sections -o build/Prac3.elf
C:/ST/STM32CubeIDE_1.13.2/STM32CubeIDE/plugins/com.st.stm32cube.ide.mcu.externaltools.gnu-tools-for-stm32.11.3.rel1.win32_1.1.1.202309131626/tools/bin/../lib/gcc/arm-none-eabi/11.3.1/../../../../arm-none-eabi/bin/ld.exe: C:/ST/STM32CubeIDE_1.13.2/STM32CubeIDE/plugins/com.st.stm32cube.ide.mcu.externaltools.gnu-tools-for-stm32.11.3.rel1.win32_1.1.1.202309131626/tools/bin/../lib/gcc/arm-none-eabi/11.3.1/../../../../arm-none-eabi/lib/thumb/v6-m/nofp\libc_nano.a(libc_a-closer.o): in function `_close_r':
(.text._close_r+0xc): warning: _close is not implemented and will always fail
C:/ST/STM32CubeIDE_1.13.2/STM32CubeIDE/plugins/com.st.stm32cube.ide.mcu.externaltools.gnu-tools-for-stm32.11.3.rel1.win32_1.1.1.202309131626/tools/bin/../lib/gcc/arm-none-eabi/11.3.1/../../../../arm-none-eabi/bin/ld.exe: C:/ST/STM32CubeIDE_1.13.2/STM32CubeIDE/plugins/com.st.stm32cube.ide.mcu.externaltools.gnu-tools-for-stm32.11.3.rel1.win32_1.1.1.202309131626/tools/bin/../lib/gcc/arm-none-eabi/11.3.1/../../../../arm-none-eabi/lib/thumb/v6-m/nofp\libc_nano.a(libc_a-lseekr.o): in function `_lseek_r':
(.text._lseek_r+0x10): warning: _lseek is not implemented and will always fail
C:/ST/STM32CubeIDE_1.13.2/STM32CubeIDE/plugins/com.st.stm32cube.ide.mcu.externaltools.gnu-tools-for-stm32.11.3.rel1.win32_1.1.1.202309131626/tools/bin/../lib/gcc/arm-none-eabi/11.3.1/../../../../arm-none-eabi/bin/ld.exe: C:/ST/STM32CubeIDE_1.13.2/STM32CubeIDE/plugins/com.st.stm32cube.ide.mcu.externaltools.gnu-tools-for-stm32.11.3.rel1.win32_1.1.1.202309131626/tools/bin/../lib/gcc/arm-none-eabi/11.3.1/../../../../arm-none-eabi/lib/thumb/v6-m/nofp\libc_nano.a(libc_a-readr.o): in function `_read_r':
(.text._read_r+0x10): warning: _read is not implemented and will always fail
C:/ST/STM32CubeIDE_1.13.2/STM32CubeIDE/plugins/com.st.stm32cube.ide.mcu.externaltools.gnu-tools-for-stm32.11.3.rel1.win32_1.1.1.202309131626/tools/bin/../lib/gcc/arm-none-eabi/11.3.1/../../../../arm-none-eabi/bin/ld.exe: C:/ST/STM32CubeIDE_1.13.2/STM32CubeIDE/plugins/com.st.stm32cube.ide.mcu.externaltools.gnu-tools-for-stm32.11.3.rel1.win32_1.1.1.202309131626/tools/bin/../lib/gcc/arm-none-eabi/11.3.1/../../../../arm-none-eabi/lib/thumb/v6-m/nofp\libc_nano.a(libc_a-writer.o): in function `_write_r':
(.text._write_r+0x10): warning: _write is not implemented and will always fail
arm-none-eabi-size build/Prac3.elf
   text	   data	    bss	    dec	    hex	filename
  11468	    108	   2188	  13764	   35c4	build/Prac3.elf
arm-none-eabi-objcopy -O ihex build/Prac3.elf build/Prac3.hex
arm-none-eabi-objcopy -O binary -S build/Prac3.elf build/Prac3.bin	
15:45:23 **** Incremental Build of configuration Default for project Praccc ****
make all 
arm-none-eabi-gcc -c -mcpu=cortex-m0 -mthumb   -DSTM32F051x8 -DUSE_FULL_LL_DRIVER -DHSE_VALUE=8000000 -DHSE_STARTUP_TIMEOUT=100 -DLSE_STARTUP_TIMEOUT=5000 -DLSE_VALUE=32768 -DHSI_VALUE=8000000 -DLSI_VALUE=40000 -DVDD_VALUE=3300 -DPREFETCH_ENABLE=1 -DINSTRUCTION_CACHE_ENABLE=0 -DDATA_CACHE_ENABLE=0 -ICore/Inc -IDrivers/STM32F0xx_HAL_Driver/Inc -IDrivers/CMSIS/Device/ST/STM32F0xx/Include -IDrivers/CMSIS/Include -Og -Wall -fdata-sections -ffunction-sections -g -gdwarf-2 -MMD -MP -MF"build/main.d" -Wa,-a,-ad,-alms=build/main.lst Core/Src/main.c -o build/main.o
In file included from Drivers/STM32F0xx_HAL_Driver/Inc/stm32f0xx_hal.h:29,
                 from Core/Inc/main.h:30,
                 from Core/Src/main.c:20:
Core/Inc/stm32f0xx_hal_conf.h:151: warning: "VDD_VALUE" redefined
  151 | #define  VDD_VALUE                    ((uint32_t)3300) /*!< Value of VDD in mv */
      | 
<command-line>: note: this is the location of the previous definition
Core/Src/main.c: In function 'main':
Core/Src/main.c:161:11: warning: unused variable 'prevState' [-Wunused-variable]
  161 |   uint8_t prevState = 0;
      |           ^~~~~~~~~
Core/Src/main.c:139:12: warning: unused variable 'CCR' [-Wunused-variable]
  139 |   uint32_t CCR = 0;
      |            ^~~
Core/Src/main.c: In function 'write_to_address':
Core/Src/main.c:614:17: warning: variable 'dummy' set but not used [-Wunused-but-set-variable]
  614 |         uint8_t dummy; // Junk from the DR
      |                 ^~~~~
arm-none-eabi-gcc build/main.o build/stm32f0xx_it.o build/system_stm32f0xx.o build/stm32f0xx_ll_gpio.o build/stm32f0xx_hal.o build/stm32f0xx_hal_pwr.o build/stm32f0xx_hal_pwr_ex.o build/stm32f0xx_ll_exti.o build/stm32f0xx_ll_rcc.o build/stm32f0xx_hal_adc.o build/stm32f0xx_hal_cortex.o build/stm32f0xx_hal_adc_ex.o build/stm32f0xx_hal_dma.o build/stm32f0xx_hal_flash.o build/stm32f0xx_hal_flash_ex.o build/stm32f0xx_hal_gpio.o build/stm32f0xx_hal_i2c.o build/stm32f0xx_hal_i2c_ex.o build/stm32f0xx_hal_tim.o build/stm32f0xx_hal_tim_ex.o build/stm32f0xx_hal_rcc.o build/stm32f0xx_hal_rcc_ex.o build/stm32f0xx_hal_msp.o build/stm32f0xx_ll_utils.o build/startup_stm32f051x8.o -mcpu=cortex-m0 -mthumb   -specs=nano.specs -TSTM32F051C6Tx_FLASH.ld  -lc -lm -lnosys  -Wl,-Map=build/Prac3.map,--cref -Wl,--gc-sections -o build/Prac3.elf
C:/ST/STM32CubeIDE_1.13.2/STM32CubeIDE/plugins/com.st.stm32cube.ide.mcu.externaltools.gnu-tools-for-stm32.11.3.rel1.win32_1.1.1.202309131626/tools/bin/../lib/gcc/arm-none-eabi/11.3.1/../../../../arm-none-eabi/bin/ld.exe: C:/ST/STM32CubeIDE_1.13.2/STM32CubeIDE/plugins/com.st.stm32cube.ide.mcu.externaltools.gnu-tools-for-stm32.11.3.rel1.win32_1.1.1.202309131626/tools/bin/../lib/gcc/arm-none-eabi/11.3.1/../../../../arm-none-eabi/lib/thumb/v6-m/nofp\libc_nano.a(libc_a-closer.o): in function `_close_r':
(.text._close_r+0xc): warning: _close is not implemented and will always fail
C:/ST/STM32CubeIDE_1.13.2/STM32CubeIDE/plugins/com.st.stm32cube.ide.mcu.externaltools.gnu-tools-for-stm32.11.3.rel1.win32_1.1.1.202309131626/tools/bin/../lib/gcc/arm-none-eabi/11.3.1/../../../../arm-none-eabi/bin/ld.exe: C:/ST/STM32CubeIDE_1.13.2/STM32CubeIDE/plugins/com.st.stm32cube.ide.mcu.externaltools.gnu-tools-for-stm32.11.3.rel1.win32_1.1.1.202309131626/tools/bin/../lib/gcc/arm-none-eabi/11.3.1/../../../../arm-none-eabi/lib/thumb/v6-m/nofp\libc_nano.a(libc_a-lseekr.o): in function `_lseek_r':
(.text._lseek_r+0x10): warning: _lseek is not implemented and will always fail
C:/ST/STM32CubeIDE_1.13.2/STM32CubeIDE/plugins/com.st.stm32cube.ide.mcu.externaltools.gnu-tools-for-stm32.11.3.rel1.win32_1.1.1.202309131626/tools/bin/../lib/gcc/arm-none-eabi/11.3.1/../../../../arm-none-eabi/bin/ld.exe: C:/ST/STM32CubeIDE_1.13.2/STM32CubeIDE/plugins/com.st.stm32cube.ide.mcu.externaltools.gnu-tools-for-stm32.11.3.rel1.win32_1.1.1.202309131626/tools/bin/../lib/gcc/arm-none-eabi/11.3.1/../../../../arm-none-eabi/lib/thumb/v6-m/nofp\libc_nano.a(libc_a-readr.o): in function `_read_r':
(.text._read_r+0x10): warning: _read is not implemented and will always fail
C:/ST/STM32CubeIDE_1.13.2/STM32CubeIDE/plugins/com.st.stm32cube.ide.mcu.externaltools.gnu-tools-for-stm32.11.3.rel1.win32_1.1.1.202309131626/tools/bin/../lib/gcc/arm-none-eabi/11.3.1/../../../../arm-none-eabi/bin/ld.exe: C:/ST/STM32CubeIDE_1.13.2/STM32CubeIDE/plugins/com.st.stm32cube.ide.mcu.externaltools.gnu-tools-for-stm32.11.3.rel1.win32_1.1.1.202309131626/tools/bin/../lib/gcc/arm-none-eabi/11.3.1/../../../../arm-none-eabi/lib/thumb/v6-m/nofp\libc_nano.a(libc_a-writer.o): in function `_write_r':
(.text._write_r+0x10): warning: _write is not implemented and will always fail
arm-none-eabi-size build/Prac3.elf
   text	   data	    bss	    dec	    hex	filename
  11480	    108	   2188	  13776	   35d0	build/Prac3.elf
arm-none-eabi-objcopy -O ihex build/Prac3.elf build/Prac3.hex
arm-none-eabi-objcopy -O binary -S build/Prac3.elf build/Prac3.bin	
15:48:09 **** Incremental Build of configuration Default for project Praccc ****
make all 
arm-none-eabi-gcc -c -mcpu=cortex-m0 -mthumb   -DSTM32F051x8 -DUSE_FULL_LL_DRIVER -DHSE_VALUE=8000000 -DHSE_STARTUP_TIMEOUT=100 -DLSE_STARTUP_TIMEOUT=5000 -DLSE_VALUE=32768 -DHSI_VALUE=8000000 -DLSI_VALUE=40000 -DVDD_VALUE=3300 -DPREFETCH_ENABLE=1 -DINSTRUCTION_CACHE_ENABLE=0 -DDATA_CACHE_ENABLE=0 -ICore/Inc -IDrivers/STM32F0xx_HAL_Driver/Inc -IDrivers/CMSIS/Device/ST/STM32F0xx/Include -IDrivers/CMSIS/Include -Og -Wall -fdata-sections -ffunction-sections -g -gdwarf-2 -MMD -MP -MF"build/main.d" -Wa,-a,-ad,-alms=build/main.lst Core/Src/main.c -o build/main.o
In file included from Drivers/STM32F0xx_HAL_Driver/Inc/stm32f0xx_hal.h:29,
                 from Core/Inc/main.h:30,
                 from Core/Src/main.c:20:
Core/Inc/stm32f0xx_hal_conf.h:151: warning: "VDD_VALUE" redefined
  151 | #define  VDD_VALUE                    ((uint32_t)3300) /*!< Value of VDD in mv */
      | 
<command-line>: note: this is the location of the previous definition
Core/Src/main.c: In function 'main':
Core/Src/main.c:161:11: warning: unused variable 'prevState' [-Wunused-variable]
  161 |   uint8_t prevState = 0;
      |           ^~~~~~~~~
Core/Src/main.c:139:12: warning: unused variable 'CCR' [-Wunused-variable]
  139 |   uint32_t CCR = 0;
      |            ^~~
Core/Src/main.c: In function 'write_to_address':
Core/Src/main.c:614:17: warning: variable 'dummy' set but not used [-Wunused-but-set-variable]
  614 |         uint8_t dummy; // Junk from the DR
      |                 ^~~~~
arm-none-eabi-gcc build/main.o build/stm32f0xx_it.o build/system_stm32f0xx.o build/stm32f0xx_ll_gpio.o build/stm32f0xx_hal.o build/stm32f0xx_hal_pwr.o build/stm32f0xx_hal_pwr_ex.o build/stm32f0xx_ll_exti.o build/stm32f0xx_ll_rcc.o build/stm32f0xx_hal_adc.o build/stm32f0xx_hal_cortex.o build/stm32f0xx_hal_adc_ex.o build/stm32f0xx_hal_dma.o build/stm32f0xx_hal_flash.o build/stm32f0xx_hal_flash_ex.o build/stm32f0xx_hal_gpio.o build/stm32f0xx_hal_i2c.o build/stm32f0xx_hal_i2c_ex.o build/stm32f0xx_hal_tim.o build/stm32f0xx_hal_tim_ex.o build/stm32f0xx_hal_rcc.o build/stm32f0xx_hal_rcc_ex.o build/stm32f0xx_hal_msp.o build/stm32f0xx_ll_utils.o build/startup_stm32f051x8.o -mcpu=cortex-m0 -mthumb   -specs=nano.specs -TSTM32F051C6Tx_FLASH.ld  -lc -lm -lnosys  -Wl,-Map=build/Prac3.map,--cref -Wl,--gc-sections -o build/Prac3.elf
C:/ST/STM32CubeIDE_1.13.2/STM32CubeIDE/plugins/com.st.stm32cube.ide.mcu.externaltools.gnu-tools-for-stm32.11.3.rel1.win32_1.1.1.202309131626/tools/bin/../lib/gcc/arm-none-eabi/11.3.1/../../../../arm-none-eabi/bin/ld.exe: C:/ST/STM32CubeIDE_1.13.2/STM32CubeIDE/plugins/com.st.stm32cube.ide.mcu.externaltools.gnu-tools-for-stm32.11.3.rel1.win32_1.1.1.202309131626/tools/bin/../lib/gcc/arm-none-eabi/11.3.1/../../../../arm-none-eabi/lib/thumb/v6-m/nofp\libc_nano.a(libc_a-closer.o): in function `_close_r':
(.text._close_r+0xc): warning: _close is not implemented and will always fail
C:/ST/STM32CubeIDE_1.13.2/STM32CubeIDE/plugins/com.st.stm32cube.ide.mcu.externaltools.gnu-tools-for-stm32.11.3.rel1.win32_1.1.1.202309131626/tools/bin/../lib/gcc/arm-none-eabi/11.3.1/../../../../arm-none-eabi/bin/ld.exe: C:/ST/STM32CubeIDE_1.13.2/STM32CubeIDE/plugins/com.st.stm32cube.ide.mcu.externaltools.gnu-tools-for-stm32.11.3.rel1.win32_1.1.1.202309131626/tools/bin/../lib/gcc/arm-none-eabi/11.3.1/../../../../arm-none-eabi/lib/thumb/v6-m/nofp\libc_nano.a(libc_a-lseekr.o): in function `_lseek_r':
(.text._lseek_r+0x10): warning: _lseek is not implemented and will always fail
C:/ST/STM32CubeIDE_1.13.2/STM32CubeIDE/plugins/com.st.stm32cube.ide.mcu.externaltools.gnu-tools-for-stm32.11.3.rel1.win32_1.1.1.202309131626/tools/bin/../lib/gcc/arm-none-eabi/11.3.1/../../../../arm-none-eabi/bin/ld.exe: C:/ST/STM32CubeIDE_1.13.2/STM32CubeIDE/plugins/com.st.stm32cube.ide.mcu.externaltools.gnu-tools-for-stm32.11.3.rel1.win32_1.1.1.202309131626/tools/bin/../lib/gcc/arm-none-eabi/11.3.1/../../../../arm-none-eabi/lib/thumb/v6-m/nofp\libc_nano.a(libc_a-readr.o): in function `_read_r':
(.text._read_r+0x10): warning: _read is not implemented and will always fail
C:/ST/STM32CubeIDE_1.13.2/STM32CubeIDE/plugins/com.st.stm32cube.ide.mcu.externaltools.gnu-tools-for-stm32.11.3.rel1.win32_1.1.1.202309131626/tools/bin/../lib/gcc/arm-none-eabi/11.3.1/../../../../arm-none-eabi/bin/ld.exe: C:/ST/STM32CubeIDE_1.13.2/STM32CubeIDE/plugins/com.st.stm32cube.ide.mcu.externaltools.gnu-tools-for-stm32.11.3.rel1.win32_1.1.1.202309131626/tools/bin/../lib/gcc/arm-none-eabi/11.3.1/../../../../arm-none-eabi/lib/thumb/v6-m/nofp\libc_nano.a(libc_a-writer.o): in function `_write_r':
(.text._write_r+0x10): warning: _write is not implemented and will always fail
arm-none-eabi-size build/Prac3.elf
   text	   data	    bss	    dec	    hex	filename
  11468	    108	   2188	  13764	   35c4	build/Prac3.elf
arm-none-eabi-objcopy -O ihex build/Prac3.elf build/Prac3.hex
arm-none-eabi-objcopy -O binary -S build/Prac3.elf build/Prac3.bin	
